 HandExosThumbRAL_sfun

 Timestamp is 59a96577 (Fri Sep 01 15:49:43 2017)

 Preferred load address is 0000000180000000

 Start         Length     Name                   Class
 0001:00000000 000401e4H .text                   CODE
 0001:000401f0 00000092H .text$x                 CODE
 0002:00000000 00000488H .idata$5                DATA
 0002:00000488 00000008H .CRT$XCA                DATA
 0002:00000490 00000008H .CRT$XCZ                DATA
 0002:00000498 00000008H .CRT$XIA                DATA
 0002:000004a0 00000008H .CRT$XIAA               DATA
 0002:000004a8 00000008H .CRT$XIZ                DATA
 0002:000004b0 00004b4cH .rdata                  DATA
 0002:00005000 00000008H .rtc$IAA                DATA
 0002:00005008 00000008H .rtc$IZZ                DATA
 0002:00005010 00000008H .rtc$TAA                DATA
 0002:00005018 00000008H .rtc$TZZ                DATA
 0002:00005020 000044d4H .xdata                  DATA
 0002:000094f4 0000008cH .idata$2                DATA
 0002:00009580 00000014H .idata$3                DATA
 0002:00009598 00000488H .idata$4                DATA
 0002:00009a20 00000a9eH .idata$6                DATA
 0002:0000a4c0 0000005bH .edata                  DATA
 0003:00000000 00002438H .data                   DATA
 0003:00002440 00002418H .bss                    DATA
 0004:00000000 000034ecH .pdata                  DATA

  Address         Publics by Value              Rva+Base               Lib:Object

 0000:00000000       ___safe_se_handler_table   0000000000000000     <absolute>
 0000:00000000       ___safe_se_handler_count   0000000000000000     <absolute>
 0000:00000000       __ImageBase                0000000180000000     <linker-defined>
 0001:00000000       sf_c1_HandExosThumbRAL_get_eml_resolved_functions_info 0000000180001000 f   c1_HandExosThumbRAL.obj
 0001:00000080       sf_c1_HandExosThumbRAL_get_check_sum 0000000180001080 f   c1_HandExosThumbRAL.obj
 0001:00000100       sf_c1_HandExosThumbRAL_get_autoinheritance_info 0000000180001100 f   c1_HandExosThumbRAL.obj
 0001:00000670       sf_c1_HandExosThumbRAL_third_party_uses_info 0000000180001670 f   c1_HandExosThumbRAL.obj
 0001:000006a0       sf_internal_get_sim_state_c1_HandExosThumbRAL 00000001800016a0 f   c1_HandExosThumbRAL.obj
 0001:00000c70       sf_internal_set_sim_state_c1_HandExosThumbRAL 0000000180001c70 f   c1_HandExosThumbRAL.obj
 0001:00001440       c1_HandExosThumbRAL_method_dispatcher 0000000180002440 f   c1_HandExosThumbRAL.obj
 0001:00004370       sf_c2_HandExosThumbRAL_get_eml_resolved_functions_info 0000000180005370 f   c2_HandExosThumbRAL.obj
 0001:000043f0       sf_c2_HandExosThumbRAL_get_check_sum 00000001800053f0 f   c2_HandExosThumbRAL.obj
 0001:00004470       sf_c2_HandExosThumbRAL_get_autoinheritance_info 0000000180005470 f   c2_HandExosThumbRAL.obj
 0001:000049e0       sf_c2_HandExosThumbRAL_third_party_uses_info 00000001800059e0 f   c2_HandExosThumbRAL.obj
 0001:00004a10       sf_internal_get_sim_state_c2_HandExosThumbRAL 0000000180005a10 f   c2_HandExosThumbRAL.obj
 0001:00004ef0       sf_internal_set_sim_state_c2_HandExosThumbRAL 0000000180005ef0 f   c2_HandExosThumbRAL.obj
 0001:000055f0       c2_HandExosThumbRAL_method_dispatcher 00000001800065f0 f   c2_HandExosThumbRAL.obj
 0001:00009080       sf_c4_HandExosThumbRAL_get_eml_resolved_functions_info 000000018000a080 f   c4_HandExosThumbRAL.obj
 0001:00009100       sf_c4_HandExosThumbRAL_get_check_sum 000000018000a100 f   c4_HandExosThumbRAL.obj
 0001:00009180       sf_c4_HandExosThumbRAL_get_autoinheritance_info 000000018000a180 f   c4_HandExosThumbRAL.obj
 0001:000096f0       sf_c4_HandExosThumbRAL_third_party_uses_info 000000018000a6f0 f   c4_HandExosThumbRAL.obj
 0001:00009720       sf_internal_get_sim_state_c4_HandExosThumbRAL 000000018000a720 f   c4_HandExosThumbRAL.obj
 0001:00009c50       sf_internal_set_sim_state_c4_HandExosThumbRAL 000000018000ac50 f   c4_HandExosThumbRAL.obj
 0001:0000a370       c4_HandExosThumbRAL_method_dispatcher 000000018000b370 f   c4_HandExosThumbRAL.obj
 0001:0000de80       sf_process_check_sum_call  000000018000ee80 f   HandExosThumbRAL_sfun_registry.obj
 0001:0000ded0       sf_process_autoinheritance_call 000000018000eed0 f   HandExosThumbRAL_sfun_registry.obj
 0001:0000e070       sf_process_get_third_party_uses_info_call 000000018000f070 f   HandExosThumbRAL_sfun_registry.obj
 0001:0000e210       sf_process_get_eml_resolved_functions_info_call 000000018000f210 f   HandExosThumbRAL_sfun_registry.obj
 0001:0000e390       sf_mex_unlock_call         000000018000f390 f   HandExosThumbRAL_sfun_registry.obj
 0001:0000e440       sf_machine_global_initializer_called 000000018000f440 f   HandExosThumbRAL_sfun_registry.obj
 0001:0000e470       sf_machine_global_method_dispatcher 000000018000f470 f   HandExosThumbRAL_sfun_registry.obj
 0001:0000e4d0       sf_machine_global_terminator 000000018000f4d0 f   HandExosThumbRAL_sfun_registry.obj
 0001:0000e520       sf_register_machine_exported_symbols 000000018000f520 f   HandExosThumbRAL_sfun_registry.obj
 0001:0000e540       callCustomFcn              000000018000f540 f   HandExosThumbRAL_sfun_registry.obj
 0001:0000e550       sf_machine_global_initializer 000000018000f550 f   HandExosThumbRAL_sfun_registry.obj
 0001:0000e5d0       _ssSetStateAbsTol          000000018000f5d0 f   HandExosThumbRAL_sfun_registry.obj
 0001:0000e6b0       _ssGetAbsTol               000000018000f6b0 f   HandExosThumbRAL_sfun_registry.obj
 0001:0000e720       _ssSetInputPortMatrixDimensions 000000018000f720 f   HandExosThumbRAL_sfun_registry.obj
 0001:0000e830       _ssSetOutputPortMatrixDimensions 000000018000f830 f   HandExosThumbRAL_sfun_registry.obj
 0001:0000e940       _ssSetInputPortVectorDimension 000000018000f940 f   HandExosThumbRAL_sfun_registry.obj
 0001:0000ea10       _ssSetOutputPortVectorDimension 000000018000fa10 f   HandExosThumbRAL_sfun_registry.obj
 0001:0000eae0       ssIsRunTimeParamTunable    000000018000fae0 f   HandExosThumbRAL_sfun_registry.obj
 0001:0000eb50       ssGetSFuncBlockHandle      000000018000fb50 f   HandExosThumbRAL_sfun_registry.obj
 0001:0000ebc0       _ssGetCurrentInputPortWidth 000000018000fbc0 f   HandExosThumbRAL_sfun_registry.obj
 0001:0000ece0       _ssGetCurrentOutputPortWidth 000000018000fce0 f   HandExosThumbRAL_sfun_registry.obj
 0001:0000ee00       _ssGetCallSystemNumFcnCallDestinations 000000018000fe00 f   HandExosThumbRAL_sfun_registry.obj
 0001:0000ee70       ssWarning                  000000018000fe70 f   HandExosThumbRAL_sfun_registry.obj
 0001:0000ef80       ssGetIsZeroCrossControlDisabled 000000018000ff80 f   HandExosThumbRAL_sfun_registry.obj
 0001:0000eff0       ssSetIsInputPortUsedForContZcSignal 000000018000fff0 f   HandExosThumbRAL_sfun_registry.obj
 0001:0000f060       ssSetZcSignalIsZcElementDisc 0000000180010060 f   HandExosThumbRAL_sfun_registry.obj
 0001:0000f110       ssSetZcSignalName          0000000180010110 f   HandExosThumbRAL_sfun_registry.obj
 0001:0000f180       ssSetZcSignalWidth         0000000180010180 f   HandExosThumbRAL_sfun_registry.obj
 0001:0000f1f0       ssSetZcSignalZcEventType   00000001800101f0 f   HandExosThumbRAL_sfun_registry.obj
 0001:0000f260       ssSetZcSignalType          0000000180010260 f   HandExosThumbRAL_sfun_registry.obj
 0001:0000f2d0       ssSetZcSignalZcTol         00000001800102d0 f   HandExosThumbRAL_sfun_registry.obj
 0001:0000f340       ssSetZcSignalNeedsEventNotification 0000000180010340 f   HandExosThumbRAL_sfun_registry.obj
 0001:0000f3b0       ssCreateAndAddZcSignalInfo 00000001800103b0 f   HandExosThumbRAL_sfun_registry.obj
 0001:0000f420       ssCloneAndAddZcSignalInfo  0000000180010420 f   HandExosThumbRAL_sfun_registry.obj
 0001:0000f490       ssGetNumZcSignals          0000000180010490 f   HandExosThumbRAL_sfun_registry.obj
 0001:0000f500       ssGetZcSignalVector        0000000180010500 f   HandExosThumbRAL_sfun_registry.obj
 0001:0000f570       ssGetZcSignalZcEvents      0000000180010570 f   HandExosThumbRAL_sfun_registry.obj
 0001:0000f5e0       ssGetZcSignalName          00000001800105e0 f   HandExosThumbRAL_sfun_registry.obj
 0001:0000f650       ssGetZcSignalWidth         0000000180010650 f   HandExosThumbRAL_sfun_registry.obj
 0001:0000f6c0       ssGetZcSignalZcEventType   00000001800106c0 f   HandExosThumbRAL_sfun_registry.obj
 0001:0000f730       ssGetZcSignalType          0000000180010730 f   HandExosThumbRAL_sfun_registry.obj
 0001:0000f7a0       ssGetZcSignalZcTol         00000001800107a0 f   HandExosThumbRAL_sfun_registry.obj
 0001:0000f820       ssGetZcSignalNeedsEventNotification 0000000180010820 f   HandExosThumbRAL_sfun_registry.obj
 0001:0000f890       ssGetZcSignalIsZcElementDisc 0000000180010890 f   HandExosThumbRAL_sfun_registry.obj
 0001:0000f930       ssGetIsInputPortElementContinuous 0000000180010930 f   HandExosThumbRAL_sfun_registry.obj
 0001:0000f9d0       _ssGetInputPortSignalPtrsFcn 00000001800109d0 f   HandExosThumbRAL_sfun_registry.obj
 0001:0000fc90       _ssGetInputPortSignalFcn   0000000180010c90 f   HandExosThumbRAL_sfun_registry.obj
 0001:0000feb0       _ssSetInputPortDirectFeedThroughFcn 0000000180010eb0 f   HandExosThumbRAL_sfun_registry.obj
 0001:00010010       _ssSetInputPortReusableFcn 0000000180011010 f   HandExosThumbRAL_sfun_registry.obj
 0001:00010100       _ssSetOutputPortReusableFcn 0000000180011100 f   HandExosThumbRAL_sfun_registry.obj
 0001:000101e0       ssGetDTypeIdFromMxArray    00000001800111e0 f   HandExosThumbRAL_sfun_registry.obj
 0001:00010300       ssWriteRTWStr              0000000180011300 f   HandExosThumbRAL_sfun_registry.obj
 0001:00010360       ssWriteRTWMxVectParam      0000000180011360 f   HandExosThumbRAL_sfun_registry.obj
 0001:000103c0       ssWriteRTWMx2dMatParam     00000001800113c0 f   HandExosThumbRAL_sfun_registry.obj
 0001:00010440       ssWriteRTWNameValuePair    0000000180011440 f   HandExosThumbRAL_sfun_registry.obj
 0001:00010930       ssWriteRTWParameters       0000000180011930 f   HandExosThumbRAL_sfun_registry.obj
 0001:00010f30       ssWriteRTWParamSettings    0000000180011f30 f   HandExosThumbRAL_sfun_registry.obj
 0001:00011600       ssWriteRTWWorkVect         0000000180012600 f   HandExosThumbRAL_sfun_registry.obj
 0001:00011b00       mexFunction                0000000180012b00 f   HandExosThumbRAL_sfun_registry.obj
 0001:00013830       ProcessMexSfunctionEveryCall 0000000180014830 f   HandExosThumbRAL_sfun_registry.obj
 0001:000139a0       HandExosThumbRAL_initializer 00000001800149a0 f   HandExosThumbRAL_sfun.obj
 0001:000139b0       HandExosThumbRAL_terminator 00000001800149b0 f   HandExosThumbRAL_sfun.obj
 0001:000139c0       sf_HandExosThumbRAL_method_dispatcher 00000001800149c0 f   HandExosThumbRAL_sfun.obj
 0001:00013a50       sf_HandExosThumbRAL_process_check_sum_call 0000000180014a50 f   HandExosThumbRAL_sfun.obj
 0001:00013e90       sf_HandExosThumbRAL_autoinheritance_info 0000000180014e90 f   HandExosThumbRAL_sfun.obj
 0001:000140a0       sf_HandExosThumbRAL_get_eml_resolved_functions_info 00000001800150a0 f   HandExosThumbRAL_sfun.obj
 0001:00014250       sf_HandExosThumbRAL_third_party_uses_info 0000000180015250 f   HandExosThumbRAL_sfun.obj
 0001:00014400       HandExosThumbRAL_debug_initialize 0000000180015400 f   HandExosThumbRAL_sfun.obj
 0001:00014480       HandExosThumbRAL_register_exported_symbols 0000000180015480 f   HandExosThumbRAL_sfun.obj
 0001:00014490       load_HandExosThumbRAL_optimization_info 0000000180015490 f   HandExosThumbRAL_sfun.obj
 0001:000144e0       unload_HandExosThumbRAL_optimization_info 00000001800154e0 f   HandExosThumbRAL_sfun.obj
 0001:00014600       sf_mex_mx_is_numeric       0000000180015600 f   sfc_mex:sfc_mex.obj
 0001:00014640       strcmp_ignore_ws           0000000180015640 f   sfc_mex:sfc_mex.obj
 0001:00014780       sf_mex_duplicatearraysafe  0000000180015780 f   sfc_mex:sfc_mex.obj
 0001:000148e0       sf_set_error_debugger_context_message_fcn 00000001800158e0 f   sfc_mex:sfc_mex.obj
 0001:000148f0       sf_set_debugger_matlab_error_fcn 00000001800158f0 f   sfc_mex:sfc_mex.obj
 0001:00014930       sf_set_error_prefix_string 0000000180015930 f   sfc_mex:sfc_mex.obj
 0001:00014960       sf_get_error_prefix_string 0000000180015960 f   sfc_mex:sfc_mex.obj
 0001:00014970       sf_mex_enter_parallel_region 0000000180015970 f   sfc_mex:sfc_mex.obj
 0001:00014980       sf_mex_exit_parallel_region 0000000180015980 f   sfc_mex:sfc_mex.obj
 0001:00014990       sf_get_current_jmp_buf_ptr 0000000180015990 f   sfc_mex:sfc_mex.obj
 0001:000149a0       sf_set_current_jmp_buf_ptr 00000001800159a0 f   sfc_mex:sfc_mex.obj
 0001:000149b0       sf_mex_set_halt_simulation 00000001800159b0 f   sfc_mex:sfc_mex.obj
 0001:000149c0       sf_mex_get_halt_simulation 00000001800159c0 f   sfc_mex:sfc_mex.obj
 0001:000149d0       sf_mex_clear_error_message 00000001800159d0 f   sfc_mex:sfc_mex.obj
 0001:000149f0       sf_mex_get_error_message_for_read 00000001800159f0 f   sfc_mex:sfc_mex.obj
 0001:00014a00       sf_mex_get_error_message_buffer_length 0000000180015a00 f   sfc_mex:sfc_mex.obj
 0001:00014ae0       sf_mex_warning_message     0000000180015ae0 f   sfc_mex:sfc_mex.obj
 0001:00014b50       sf_mex_v_errbuf_createf    0000000180015b50 f   sfc_mex:sfc_mex.obj
 0001:00014b60       sf_mex_errbuf_createf      0000000180015b60 f   sfc_mex:sfc_mex.obj
 0001:00014b90       sf_mex_v_errbuf_catf       0000000180015b90 f   sfc_mex:sfc_mex.obj
 0001:00014bd0       sf_mex_errbuf_catf         0000000180015bd0 f   sfc_mex:sfc_mex.obj
 0001:00014c20       sf_mex_errbuf_copy         0000000180015c20 f   sfc_mex:sfc_mex.obj
 0001:00014c30       sf_mex_errbuf_clear        0000000180015c30 f   sfc_mex:sfc_mex.obj
 0001:00014c40       sf_mex_errbuf_isempty      0000000180015c40 f   sfc_mex:sfc_mex.obj
 0001:00014d40       sf_mex_set_error_status    0000000180015d40 f   sfc_mex:sfc_mex.obj
 0001:00014d90       sf_mex_error_direct_call   0000000180015d90 f   sfc_mex:sfc_mex.obj
 0001:00014db0       sf_mex_error_message_no_long_jump 0000000180015db0 f   sfc_mex:sfc_mex.obj
 0001:00014dd0       sf_mex_long_jump_on_error  0000000180015dd0 f   sfc_mex:sfc_mex.obj
 0001:00014e00       sf_mex_call_matlab         0000000180015e00 f   sfc_mex:sfc_mex.obj
 0001:00014f20       sf_mex_check_builtin       0000000180015f20 f   sfc_mex:sfc_mex.obj
 0001:00014fc0       sf_mex_check_builtin_vs    0000000180015fc0 f   sfc_mex:sfc_mex.obj
 0001:00015080       sf_mex_check_enum          0000000180016080 f   sfc_mex:sfc_mex.obj
 0001:00015100       sf_mex_create_enum         0000000180016100 f   sfc_mex:sfc_mex.obj
 0001:00015170       sf_mex_get_enum_element    0000000180016170 f   sfc_mex:sfc_mex.obj
 0001:00015180       sf_mex_createcellarray     0000000180016180 f   sfc_mex:sfc_mex.obj
 0001:00015190       sf_mex_setcell             0000000180016190 f   sfc_mex:sfc_mex.obj
 0001:000151a0       sf_mex_getcell             00000001800161a0 f   sfc_mex:sfc_mex.obj
 0001:000151b0       sf_mex_dup                 00000001800161b0 f   sfc_mex:sfc_mex.obj
 0001:000151d0       sf_mex_assign              00000001800161d0 f   sfc_mex:sfc_mex.obj
 0001:00015250       sf_mex_destroy             0000000180016250 f   sfc_mex:sfc_mex.obj
 0001:00015280       mx_array_has_fi_type       0000000180016280 f   sfc_mex:sfc_mex.obj
 0001:000152b0       sf_mex_convert_from_fi     00000001800162b0 f   sfc_mex:sfc_mex.obj
 0001:000153e0       sf_mex_convert_to_double   00000001800163e0 f   sfc_mex:sfc_mex.obj
 0001:00015500       sf_mex_import_fi_vs        0000000180016500 f   sfc_mex:sfc_mex.obj
 0001:00015730       sf_matrix_matrix_index_ok  0000000180016730 f   sfc_mex:sfc_mex.obj
 0001:000157c0       sf_vector_vector_index_ok  00000001800167c0 f   sfc_mex:sfc_mex.obj
 0001:000157f0       ssGetCurrentInputPortDimensions_wrapper 00000001800167f0 f   sfc_mex:sfc_mex.obj
 0001:00015810       ssGetCurrentOutputPortDimensions_wrapper 0000000180016810 f   sfc_mex:sfc_mex.obj
 0001:00015830       sf_mex_emlrt_context_is_debug_mode 0000000180016830 f   sfc_mex:sfc_mex.obj
 0001:00015840       sf_mex_emlrt_context_set_debug_mode 0000000180016840 f   sfc_mex:sfc_mex.obj
 0001:00015850       sf_mex_emlrtNameCapturePostProcessR2012a 0000000180016850 f   sfc_mex:sfc_mex.obj
 0001:000158c0       sf_clear_error_manager_info 00000001800168c0 f   sfc_mex:sfc_mex.obj
 0001:00015920       sf_mex_stop_simulation_abruptly_wo_error 0000000180016920 f   sfc_mex:sfc_mex.obj
 0001:00015960       sf_mex_error_message       0000000180016960 f   sfc_mex:sfc_mex.obj
 0001:000159d0       sf_react_to_error_in_matlab_call 00000001800169d0 f   sfc_mex:sfc_mex.obj
 0001:00015a00       sf_mex_addfield            0000000180016a00 f   sfc_mex:sfc_mex.obj
 0001:00015aa0       sf_mex_getfield            0000000180016aa0 f   sfc_mex:sfc_mex.obj
 0001:00015da0       sf_mex_check_class         0000000180016da0 f   sfc_mex:sfc_mex.obj
 0001:00015e40       sf_mex_is_real             0000000180016e40 f   sfc_mex:sfc_mex.obj
 0001:000162b0       sf_mex_decode_encoded_mx_struct_array 00000001800172b0 f   sfc_mex:sfc_mex.obj
 0001:000165a0       sf_mex_lw_bounds_check     00000001800175a0 f   sfc_mex:sfc_mex.obj
 0001:000165d0       sf_mex_lw_size_eq_check_1d 00000001800175d0 f   sfc_mex:sfc_mex.obj
 0001:000165f0       sf_mex_lw_size_eq_check_nd 00000001800175f0 f   sfc_mex:sfc_mex.obj
 0001:000167d0       sf_mex_lw_dim_size_eq_check 00000001800177d0 f   sfc_mex:sfc_mex.obj
 0001:00016800       sf_mex_lw_dim_size_geq_check 0000000180017800 f   sfc_mex:sfc_mex.obj
 0001:00016830       sf_mex_lw_sub_assign_size_check_nd 0000000180017830 f   sfc_mex:sfc_mex.obj
 0001:00016a00       sf_mex_lw_runtime_error_msgid 0000000180017a00 f   sfc_mex:sfc_mex.obj
 0001:00016af0       sf_mex_lw_matrix_matrix_index_check 0000000180017af0 f   sfc_mex:sfc_mex.obj
 0001:00016b10       sf_mex_lw_vector_vector_index_check 0000000180017b10 f   sfc_mex:sfc_mex.obj
 0001:00016b50       sf_mex_lw_for_loop_vector_check 0000000180017b50 f   sfc_mex:sfc_mex.obj
 0001:00016be0       sf_mex_lw_non_negative_check 0000000180017be0 f   sfc_mex:sfc_mex.obj
 0001:00016c20       sf_mex_overflow_error      0000000180017c20 f   sfc_mex:sfc_mex.obj
 0001:00016c30       sf_mex_dividebyzero_error  0000000180017c30 f   sfc_mex:sfc_mex.obj
 0001:00016c40       sf_mex_unsafe_enum_error   0000000180017c40 f   sfc_mex:sfc_mex.obj
 0001:00016c50       sf_emlrtErrHandler         0000000180017c50 f   sfc_mex:sfc_mex.obj
 0001:00016d30       sf_mex_size_one_check      0000000180017d30 f   sfc_mex:sfc_mex.obj
 0001:00016d50       sf_mex_printf              0000000180017d50 f   sfc_mex:sfc_mex.obj
 0001:00016f20       sf_mex_check_size          0000000180017f20 f   sfc_mex:sfc_mex.obj
 0001:000171c0       sf_mex_check_struct        00000001800181c0 f   sfc_mex:sfc_mex.obj
 0001:00017420       sf_mex_check_struct_vs     0000000180018420 f   sfc_mex:sfc_mex.obj
 0001:000174b0       sf_mex_check_fi            00000001800184b0 f   sfc_mex:sfc_mex.obj
 0001:000175b0       sf_mex_check_fi_vs         00000001800185b0 f   sfc_mex:sfc_mex.obj
 0001:00017650       sf_echo_expression         0000000180018650 f   sfc_mex:sfc_mex.obj
 0001:000176b0       sf_assertion_failed        00000001800186b0 f   sfc_mex:sfc_mex.obj
 0001:00017990       sf_mex_evalin              0000000180018990 f   sfc_mex:sfc_mex.obj
 0001:00017c00       sf_mex_export              0000000180018c00 f   sfc_mex:sfc_mex.obj
 0001:00017cc0       sf_mex_get_ml_var_no_error 0000000180018cc0 f   sfc_mex:sfc_mex.obj
 0001:00017e60       sf_mex_get_ml_var          0000000180018e60 f   sfc_mex:sfc_mex.obj
 0001:000182f0       ml_set_element_value_in_array 00000001800192f0 f   sfc_mex:sfc_mex.obj
 0001:000193b0       sf_mex_call_impl           000000018001a3b0 f   sfc_mex:sfc_mex.obj
 0001:000197d0       sf_mex_call_debug          000000018001a7d0 f   sfc_mex:sfc_mex.obj
 0001:00019800       sf_mex_call                000000018001a800 f   sfc_mex:sfc_mex.obj
 0001:00019e50       sf_mex_createstruct        000000018001ae50 f   sfc_mex:sfc_mex.obj
 0001:00019f60       sf_mex_createstructarray   000000018001af60 f   sfc_mex:sfc_mex.obj
 0001:00019fe0       sf_mex_get_mx_datatype_from_sf_datatype 000000018001afe0 f   sfc_mex:sfc_mex.obj
 0001:0001a2f0       sf_mex_ml_var_sub          000000018001b2f0 f   sfc_mex:sfc_mex.obj
 0001:0001a4d0       sf_mex_ml_var_subsasgn     000000018001b4d0 f   sfc_mex:sfc_mex.obj
 0001:0001a8d0       sf_mex_sub                 000000018001b8d0 f   sfc_mex:sfc_mex.obj
 0001:0001aae0       sf_mex_subsasgn            000000018001bae0 f   sfc_mex:sfc_mex.obj
 0001:0001aff0       sf_mex_create              000000018001bff0 f   sfc_mex:sfc_mex.obj
 0001:0001b990       sf_mex_import_named        000000018001c990 f   sfc_mex:sfc_mex.obj
 0001:0001b9f0       sf_mex_import              000000018001c9f0 f   sfc_mex:sfc_mex.obj
 0001:0001ba40       sf_mex_import_vs           000000018001ca40 f   sfc_mex:sfc_mex.obj
 0001:0001bb50       sf_mex_lower_fixpt_mx_array 000000018001cb50 f   sfc_mex:sfc_mex.obj
 0001:0001be50       sf_send_message_wrapper    000000018001ce50 f   sfc_mex:sfc_sf.obj
 0001:0001be80       sf_receive_message_wrapper 000000018001ce80 f   sfc_mex:sfc_sf.obj
 0001:0001bec0       sf_check_out_message_wrapper 000000018001cec0 f   sfc_mex:sfc_sf.obj
 0001:0001bf00       sf_check_in_message_wrapper 000000018001cf00 f   sfc_mex:sfc_sf.obj
 0001:0001bf40       sf_no_message_wrapper      000000018001cf40 f   sfc_mex:sfc_sf.obj
 0001:0001c2d0       sim_mode_is_rtw_gen        000000018001d2d0 f   sfc_mex:sfc_sf.obj
 0001:0001c300       sim_mode_is_external       000000018001d300 f   sfc_mex:sfc_sf.obj
 0001:0001c310       sim_mode_is_modelref_sim   000000018001d310 f   sfc_mex:sfc_sf.obj
 0001:0001c330       mdlInitializeSizes         000000018001d330 f   sfc_mex:sfc_sf.obj
 0001:0001c350       mdlInitializeSampleTimes   000000018001d350 f   sfc_mex:sfc_sf.obj
 0001:0001c390       mdlZeroCrossings           000000018001d390 f   sfc_mex:sfc_sf.obj
 0001:0001c480       mdlDerivatives             000000018001d480 f   sfc_mex:sfc_sf.obj
 0001:0001c540       mdl_initialize_conditions_processing 000000018001d540 f   sfc_mex:sfc_sf.obj
 0001:0001c570       mdlInitializeConditions    000000018001d570 f   sfc_mex:sfc_sf.obj
 0001:0001c630       mdlGetSimState             000000018001d630 f   sfc_mex:sfc_sf.obj
 0001:0001c640       mdlSetSimState             000000018001d640 f   sfc_mex:sfc_sf.obj
 0001:0001c650       mdl_ext_mode_exec_processing 000000018001d650 f   sfc_mex:sfc_sf.obj
 0001:0001c670       mdlExtModeExec             000000018001d670 f   sfc_mex:sfc_sf.obj
 0001:0001c810       mdlTerminate               000000018001d810 f   sfc_mex:sfc_sf.obj
 0001:0001c880       mdlRTW                     000000018001d880 f   sfc_mex:sfc_sf.obj
 0001:0001c8b0       mdlSetWorkWidths           000000018001d8b0 f   sfc_mex:sfc_sf.obj
 0001:0001c8c0       mdlProcessParameters       000000018001d8c0 f   sfc_mex:sfc_sf.obj
 0001:0001c8d0       mdl_start_processing       000000018001d8d0 f   sfc_mex:sfc_sf.obj
 0001:0001c930       mdlStart                   000000018001d930 f   sfc_mex:sfc_sf.obj
 0001:0001ca40       mdlEnable                  000000018001da40 f   sfc_mex:sfc_sf.obj
 0001:0001cb20       mdlDisable                 000000018001db20 f   sfc_mex:sfc_sf.obj
 0001:0001cbe0       sf_get_chart_instance_ptr  000000018001dbe0 f   sfc_mex:sfc_sf.obj
 0001:0001cc00       sf_load_rtw_optimization_info 000000018001dc00 f   sfc_mex:sfc_sf.obj
 0001:0001ccd0       sf_update_buildInfo        000000018001dcd0 f   sfc_mex:sfc_sf.obj
 0001:0001cdd0       sf_rtw_info_uint_prop      000000018001ddd0 f   sfc_mex:sfc_sf.obj
 0001:0001cf10       sf_is_chart_inlinable      000000018001df10 f   sfc_mex:sfc_sf.obj
 0001:0001cf30       sf_mark_output_events_with_multiple_callers 000000018001df30 f   sfc_mex:sfc_sf.obj
 0001:0001d0c0       sf_mark_chart_reusable_outputs 000000018001e0c0 f   sfc_mex:sfc_sf.obj
 0001:0001d320       sf_mark_chart_expressionable_inputs 000000018001e320 f   sfc_mex:sfc_sf.obj
 0001:0001d580       sf_get_subchart_simstruct  000000018001e580 f   sfc_mex:sfc_sf.obj
 0001:0001d5d0       sf_get_fixpt_data_type_id  000000018001e5d0 f   sfc_mex:sfc_sf.obj
 0001:0001d610       sf_get_enum_data_type_id   000000018001e610 f   sfc_mex:sfc_sf.obj
 0001:0001d650       sf_get_param_data_type_id  000000018001e650 f   sfc_mex:sfc_sf.obj
 0001:0001d680       sf_mex_listen_for_ctrl_c_force 000000018001e680 f   sfc_mex:sfc_sf.obj
 0001:0001d790       sf_mex_draw_now            000000018001e790 f   sfc_mex:sfc_sf.obj
 0001:0001d7d0       sf_mex_set_debugger_sim_status_listener_fcn 000000018001e7d0 f   sfc_mex:sfc_sf.obj
 0001:0001d7e0       sf_mex_listen_for_ctrl_c   000000018001e7e0 f   sfc_mex:sfc_sf.obj
 0001:0001d880       sf_mex_get_sfun_param      000000018001e880 f   sfc_mex:sfc_sf.obj
 0001:0001d8d0       sf_get_runtime_param_data  000000018001e8d0 f   sfc_mex:sfc_sf.obj
 0001:0001d910       sf_call_output_fcn_call    000000018001e910 f   sfc_mex:sfc_sf.obj
 0001:0001da50       sf_call_output_fcn_enable  000000018001ea50 f   sfc_mex:sfc_sf.obj
 0001:0001dae0       sf_call_output_fcn_disable 000000018001eae0 f   sfc_mex:sfc_sf.obj
 0001:0001db70       sf_clear_rtw_identifier    000000018001eb70 f   sfc_mex:sfc_sf.obj
 0001:0001e390       sf_set_encoded_dwork_info  000000018001f390 f   sfc_mex:sfc_sf.obj
 0001:0001e3e0       sf_get_dwork_info_from_mat_file 000000018001f3e0 f   sfc_mex:sfc_sf.obj
 0001:0001e5a0       sf_set_rtw_dwork_info      000000018001f5a0 f   sfc_mex:sfc_sf.obj
 0001:0001e710       mdlOutputs                 000000018001f710 f   sfc_mex:sfc_sf.obj
 0001:0001e830       sf_debug_chart_instance_initialized_quick 000000018001f830 f   sfc_debug:sfcdebug.obj
 0001:0001e8b0       sf_debug_disp              000000018001f8b0 f   sfc_debug:sfcdebug.obj
 0001:0001eb80       sf_debug_data_runtime_size_mismatch_error_check 000000018001fb80 f   sfc_debug:sfcdebug.obj
 0001:0001ec30       sf_debug_try_loading_machine 000000018001fc30 f   sfc_debug:sfcdebug.obj
 0001:0001ed30       sf_debug_reset_current_state_configuration 000000018001fd30 f   sfc_debug:sfcdebug.obj
 0001:0001edb0       sf_debug_store_current_state_configuration 000000018001fdb0 f   sfc_debug:sfcdebug.obj
 0001:0001ee30       sf_debug_restore_previous_state_configuration 000000018001fe30 f   sfc_debug:sfcdebug.obj
 0001:0001eeb0       sf_debug_restore_previous_state_configuration2 000000018001feb0 f   sfc_debug:sfcdebug.obj
 0001:0001ef30       sf_debug_get_event_scope   000000018001ff30 f   sfc_debug:sfcdebug.obj
 0001:0001f0a0       use_debugger_step_animation 00000001800200a0 f   sfc_debug:sfcdebug.obj
 0001:0001f0c0       sf_debug_get_script_id     00000001800200c0 f   sfc_debug:sfcdebug.obj
 0001:0001f150       sf_debug_set_script_translation 0000000180020150 f   sfc_debug:sfcdebug.obj
 0001:0001f2d0       sf_debug_extract_message_post_receive_info 00000001800202d0 f   sfc_debug:sfcdebug.obj
 0001:0001f490       sf_debug_get_current_machine_id 0000000180020490 f   sfc_debug:sfcdebug.obj
 0001:0001f4b0       sf_debug_get_current_optional_integer 00000001800204b0 f   sfc_debug:sfcdebug.obj
 0001:0001f4c0       sf_debug_get_current_machine_number 00000001800204c0 f   sfc_debug:sfcdebug.obj
 0001:0001f4e0       sf_debug_get_current_machine_name 00000001800204e0 f   sfc_debug:sfcdebug.obj
 0001:0001f500       sf_debug_get_current_chart_id 0000000180020500 f   sfc_debug:sfcdebug.obj
 0001:0001f540       sf_debug_get_current_chart_number 0000000180020540 f   sfc_debug:sfcdebug.obj
 0001:0001f550       sf_debug_get_current_instance_number 0000000180020550 f   sfc_debug:sfcdebug.obj
 0001:0001f560       sf_debug_get_current_is_minor_time_step 0000000180020560 f   sfc_debug:sfcdebug.obj
 0001:0001f5e0       sf_debug_get_current_object_type 00000001800205e0 f   sfc_debug:sfcdebug.obj
 0001:0001f5f0       sf_debug_get_current_instance_handle 00000001800205f0 f   sfc_debug:sfcdebug.obj
 0001:0001f650       sf_debug_get_current_event_type 0000000180020650 f   sfc_debug:sfcdebug.obj
 0001:0001f660       sf_debug_get_current_object_id 0000000180020660 f   sfc_debug:sfcdebug.obj
 0001:0001f6a0       sf_debug_get_current_active_event_type 00000001800206a0 f   sfc_debug:sfcdebug.obj
 0001:0001f6b0       sf_debug_get_current_active_event_id 00000001800206b0 f   sfc_debug:sfcdebug.obj
 0001:0001f6f0       sf_debug_get_current_tag_type 00000001800206f0 f   sfc_debug:sfcdebug.obj
 0001:0001f700       sf_debug_get_current_simulation_time 0000000180020700 f   sfc_debug:sfcdebug.obj
 0001:0001f710       sf_debug_get_current_coverage_percentage 0000000180020710 f   sfc_debug:sfcdebug.obj
 0001:0001f720       sf_debug_current_statement_context 0000000180020720 f   sfc_debug:sfcdebug.obj
 0001:0001f7a0       sf_debug_get_current_statement_info 00000001800207a0 f   sfc_debug:sfcdebug.obj
 0001:0001f940       sf_debug_terminate_instance 0000000180020940 f   sfc_debug:sfcdebug.obj
 0001:0001fc60       sf_debug_assertion_failed  0000000180020c60 f   sfc_debug:sfcdebug.obj
 0001:0001fe30       sf_debug_create_debug_instance_struct 0000000180020e30 f   sfc_debug:sfcdebug.obj
 0001:0001fe80       sf_debug_set_number_of_data_with_change_event_for_machine 0000000180020e80 f   sfc_debug:sfcdebug.obj
 0001:0001fed0       sf_debug_set_machine_event_thresholds 0000000180020ed0 f   sfc_debug:sfcdebug.obj
 0001:0001fef0       sf_debug_set_machine_event_scope 0000000180020ef0 f   sfc_debug:sfcdebug.obj
 0001:0001ff40       sf_debug_set_machine_data_thresholds 0000000180020f40 f   sfc_debug:sfcdebug.obj
 0001:0001ff90       sf_debug_set_machine_data_scope 0000000180020f90 f   sfc_debug:sfcdebug.obj
 0001:00020030       sf_debug_set_machine_data_name 0000000180021030 f   sfc_debug:sfcdebug.obj
 0001:000200e0       sf_debug_set_machine_data_size 00000001800210e0 f   sfc_debug:sfcdebug.obj
 0001:00020230       sf_debug_set_machine_data_type 0000000180021230 f   sfc_debug:sfcdebug.obj
 0001:000203a0       sf_debug_get_chart_data_number 00000001800213a0 f   sfc_debug:sfcdebug.obj
 0001:000203c0       sf_debug_get_chart_event_number 00000001800213c0 f   sfc_debug:sfcdebug.obj
 0001:000203e0       sf_debug_set_chart_state_info 00000001800213e0 f   sfc_debug:sfcdebug.obj
 0001:00020470       sf_debug_set_chart_decomposition 0000000180021470 f   sfc_debug:sfcdebug.obj
 0001:000204e0       sf_debug_set_chart_substate_count 00000001800214e0 f   sfc_debug:sfcdebug.obj
 0001:000205c0       sf_debug_set_chart_substate_index 00000001800215c0 f   sfc_debug:sfcdebug.obj
 0001:00020640       sf_debug_set_chart_state_substate_count 0000000180021640 f   sfc_debug:sfcdebug.obj
 0001:00020760       sf_debug_set_chart_state_substate_index 0000000180021760 f   sfc_debug:sfcdebug.obj
 0001:000207f0       sf_debug_set_number_of_data_with_change_event_for_chart 00000001800217f0 f   sfc_debug:sfcdebug.obj
 0001:00020880       sf_debug_set_number_of_states_with_entry_event_for_chart 0000000180021880 f   sfc_debug:sfcdebug.obj
 0001:00020900       sf_debug_set_number_of_states_with_exit_event_for_chart 0000000180021900 f   sfc_debug:sfcdebug.obj
 0001:00020980       sf_debug_set_chart_disable_implicit_casting 0000000180021980 f   sfc_debug:sfcdebug.obj
 0001:000209f0       sf_debug_set_chart_event_thresholds 00000001800219f0 f   sfc_debug:sfcdebug.obj
 0001:00020a70       sf_debug_set_chart_data_compiled_props 0000000180021a70 f   sfc_debug:sfcdebug.obj
 0001:00020db0       sf_debug_set_chart_data_props 0000000180021db0 f   sfc_debug:sfcdebug.obj
 0001:000210d0       sf_debug_check_fi_license  00000001800220d0 f   sfc_debug:sfcdebug.obj
 0001:00021290       sf_debug_symbol_scope_push 0000000180022290 f   sfc_debug:sfcdebug.obj
 0001:000212d0       sf_debug_symbol_scope_push_eml 00000001800222d0 f   sfc_debug:sfcdebug.obj
 0001:00021320       sf_debug_symbol_scope_pop  0000000180022320 f   sfc_debug:sfcdebug.obj
 0001:00021360       sf_debug_symbol_scope_add_importable 0000000180022360 f   sfc_debug:sfcdebug.obj
 0001:000213e0       sf_debug_symbol_scope_add  00000001800223e0 f   sfc_debug:sfcdebug.obj
 0001:00021460       sf_debug_symbol_scope_add_dyn_importable 0000000180022460 f   sfc_debug:sfcdebug.obj
 0001:00021520       sf_debug_symbol_scope_add_dyn 0000000180022520 f   sfc_debug:sfcdebug.obj
 0001:00021560       sf_debug_symbol_scope_add_eml_importable 0000000180022560 f   sfc_debug:sfcdebug.obj
 0001:000215a0       sf_debug_symbol_scope_add_eml 00000001800225a0 f   sfc_debug:sfcdebug.obj
 0001:000215e0       sf_debug_symbol_scope_add_eml_dyn_importable 00000001800225e0 f   sfc_debug:sfcdebug.obj
 0001:00021640       sf_debug_symbol_scope_add_eml_dyn 0000000180022640 f   sfc_debug:sfcdebug.obj
 0001:000216a0       sf_debug_symbol_switch     00000001800226a0 f   sfc_debug:sfcdebug.obj
 0001:000216c0       sf_debug_symbol_scope_add_verbose 00000001800226c0 f   sfc_debug:sfcdebug.obj
 0001:00021790       sf_debug_set_machine_data_value_ptr 0000000180022790 f   sfc_debug:sfcdebug.obj
 0001:000217d0       sf_debug_set_instance_data_value_ptr 00000001800227d0 f   sfc_debug:sfcdebug.obj
 0001:000218a0       sf_debug_unset_instance_data_value_ptr 00000001800228a0 f   sfc_debug:sfcdebug.obj
 0001:00021950       sf_debug_set_chart_event_scope 0000000180022950 f   sfc_debug:sfcdebug.obj
 0001:000219d0       sf_debug_set_chart_transition_coverage_maps 00000001800229d0 f   sfc_debug:sfcdebug.obj
 0001:00021ad0       sf_debug_set_chart_state_coverage_maps 0000000180022ad0 f   sfc_debug:sfcdebug.obj
 0001:00021ba0       sf_debug_set_instance_transition_coverage_weights 0000000180022ba0 f   sfc_debug:sfcdebug.obj
 0001:00021c30       sf_debug_set_instance_state_coverage_weights 0000000180022c30 f   sfc_debug:sfcdebug.obj
 0001:00021e80       sf_debug_unload_machine    0000000180022e80 f   sfc_debug:sfcdebug.obj
 0001:00021ed0       sf_debug_load_machine      0000000180022ed0 f   sfc_debug:sfcdebug.obj
 0001:00021fe0       sf_debug_set_active_instance_in_data_dictionary 0000000180022fe0 f   sfc_debug:sfcdebug.obj
 0001:000221c0       sf_debug_set_active_instance 00000001800231c0 f   sfc_debug:sfcdebug.obj
 0001:00022320       sf_debug_chart_visiblity_change 0000000180023320 f   sfc_debug:sfcdebug.obj
 0001:00022410       sf_debug_select_chart      0000000180023410 f   sfc_debug:sfcdebug.obj
 0001:00022570       sf_debug_set_instance_cv_ids 0000000180023570 f   sfc_debug:sfcdebug.obj
 0001:000228a0       sf_debug_select_charts     00000001800238a0 f   sfc_debug:sfcdebug.obj
 0001:00022a50       sf_debug_initialized       0000000180023a50 f   sfc_debug:sfcdebug.obj
 0001:00022a70       sf_debug_is_uninterruptible 0000000180023a70 f   sfc_debug:sfcdebug.obj
 0001:00022aa0       sf_debug_initialize_debugger_gui 0000000180023aa0 f   sfc_debug:sfcdebug.obj
 0001:00022e80       sf_debug_resume            0000000180023e80 f   sfc_debug:sfcdebug.obj
 0001:00022ea0       sf_debug_go                0000000180023ea0 f   sfc_debug:sfcdebug.obj
 0001:00022eb0       sf_debug_break             0000000180023eb0 f   sfc_debug:sfcdebug.obj
 0001:00022ec0       sf_debug_step_over         0000000180023ec0 f   sfc_debug:sfcdebug.obj
 0001:00022ed0       sf_debug_step_out          0000000180023ed0 f   sfc_debug:sfcdebug.obj
 0001:00022ee0       sf_debug_set_disable_all_breakpoints 0000000180023ee0 f   sfc_debug:sfcdebug.obj
 0001:00022ef0       sf_debug_disable_all_breakpoints_and_go 0000000180023ef0 f   sfc_debug:sfcdebug.obj
 0001:00022f00       sf_debug_break_on_chart_entry 0000000180023f00 f   sfc_debug:sfcdebug.obj
 0001:00022f10       sf_debug_break_on_event_broadcast 0000000180023f10 f   sfc_debug:sfcdebug.obj
 0001:00022f20       sf_debug_break_on_state_entry 0000000180023f20 f   sfc_debug:sfcdebug.obj
 0001:00022f30       sf_debug_break_between_times 0000000180023f30 f   sfc_debug:sfcdebug.obj
 0001:00022f50       sf_debug_browse_data       0000000180023f50 f   sfc_debug:sfcdebug.obj
 0001:00022f60       sf_debug_watch_data        0000000180023f60 f   sfc_debug:sfcdebug.obj
 0001:00022f90       sf_debug_assign_data       0000000180023f90 f   sfc_debug:sfcdebug.obj
 0001:00022fa0       sf_debug_whos              0000000180023fa0 f   sfc_debug:sfcdebug.obj
 0001:00022fc0       sf_debug_get_consistency_info 0000000180023fc0 f   sfc_debug:sfcdebug.obj
 0001:00022fd0       sf_debug_browse_trace      0000000180023fd0 f   sfc_debug:sfcdebug.obj
 0001:00022fe0       sf_debug_set_breakpoints   0000000180023fe0 f   sfc_debug:sfcdebug.obj
 0001:00023150       sf_debug_set_eml_breakpoints 0000000180024150 f   sfc_debug:sfcdebug.obj
 0001:000232b0       sf_debug_set_script_breakpoints 00000001800242b0 f   sfc_debug:sfcdebug.obj
 0001:00023330       sf_debug_add_script_breakpoints 0000000180024330 f   sfc_debug:sfcdebug.obj
 0001:000233a0       sf_debug_clear_script_breakpoints 00000001800243a0 f   sfc_debug:sfcdebug.obj
 0001:00023410       sf_debug_query_script_breakpoints 0000000180024410 f   sfc_debug:sfcdebug.obj
 0001:000234c0       sf_debug_get_eml_script_id 00000001800244c0 f   sfc_debug:sfcdebug.obj
 0001:00023510       sf_debug_set_watch         0000000180024510 f   sfc_debug:sfcdebug.obj
 0001:00023730       sf_debug_get_instance_handle 0000000180024730 f   sfc_debug:sfcdebug.obj
 0001:000237c0       sf_debug_get_active_states 00000001800247c0 f   sfc_debug:sfcdebug.obj
 0001:000237d0       sf_debug_set_honor_breakpoints 00000001800247d0 f   sfc_debug:sfcdebug.obj
 0001:000237e0       sf_debug_get_animation     00000001800247e0 f   sfc_debug:sfcdebug.obj
 0001:000237f0       sf_debug_set_animation     00000001800247f0 f   sfc_debug:sfcdebug.obj
 0001:00023800       sf_debug_animate           0000000180024800 f   sfc_debug:sfcdebug.obj
 0001:00023820       sf_debug_cycle_detection_check 0000000180024820 f   sfc_debug:sfcdebug.obj
 0001:00023830       sf_debug_data_range_check  0000000180024830 f   sfc_debug:sfcdebug.obj
 0001:00023840       sf_debug_transition_conflict_check 0000000180024840 f   sfc_debug:sfcdebug.obj
 0001:00023850       sf_debug_state_consistency_check 0000000180024850 f   sfc_debug:sfcdebug.obj
 0001:00023860       sf_debug_data_range_check_enabled 0000000180024860 f   sfc_debug:sfcdebug.obj
 0001:00023880       sf_debug_transition_conflict_check_enabled 0000000180024880 f   sfc_debug:sfcdebug.obj
 0001:000238a0       sf_debug_transition_conflict_check_begin 00000001800248a0 f   sfc_debug:sfcdebug.obj
 0001:000238c0       sf_debug_transition_conflict_check_end 00000001800248c0 f   sfc_debug:sfcdebug.obj
 0001:000238e0       sf_debug_stop_debugging    00000001800248e0 f   sfc_debug:sfcdebug.obj
 0001:00023910       sf_debug_is_cycle_detected 0000000180024910 f   sfc_debug:sfcdebug.obj
 0001:00023920       sf_debug_is_array_bounds_detected 0000000180024920 f   sfc_debug:sfcdebug.obj
 0001:00023930       sf_debug_get_state_vectors_data_size 0000000180024930 f   sfc_debug:sfcdebug.obj
 0001:00023970       sf_debug_get_state_vectors_data 0000000180024970 f   sfc_debug:sfcdebug.obj
 0001:00023a80       sf_debug_set_state_vectors_data 0000000180024a80 f   sfc_debug:sfcdebug.obj
 0001:00023d10       sf_debug_get_script_index  0000000180024d10 f   sfc_debug:sfcdebug.obj
 0001:00023ea0       sf_debug_add_script        0000000180024ea0 f   sfc_debug:sfcdebug.obj
 0001:00024030       cv_eval_point              0000000180025030 f   sfc_debug:sfcdebug.obj
 0001:000241a0       cv_eval_testobjective      00000001800251a0 f   sfc_debug:sfcdebug.obj
 0001:000242b0       sf_debug_cv_init_state     00000001800252b0 f   sfc_debug:sfcdebug.obj
 0001:000243e0       sf_debug_cv_init_chart     00000001800253e0 f   sfc_debug:sfcdebug.obj
 0001:000244d0       sf_debug_cv_init_trans     00000001800254d0 f   sfc_debug:sfcdebug.obj
 0001:000245e0       sf_debug_cv_init_saturation 00000001800255e0 f   sfc_debug:sfcdebug.obj
 0001:000246e0       sf_debug_cv_init_testobjectives 00000001800256e0 f   sfc_debug:sfcdebug.obj
 0001:000248c0       cv_eml_init_script         00000001800258c0 f   sfc_debug:sfcdebug.obj
 0001:000249e0       cv_eml_init_fcn            00000001800259e0 f   sfc_debug:sfcdebug.obj
 0001:00024af0       cv_eml_init_testobjective  0000000180025af0 f   sfc_debug:sfcdebug.obj
 0001:00024bd0       cv_eml_init_saturation     0000000180025bd0 f   sfc_debug:sfcdebug.obj
 0001:00024ca0       cv_eml_init_if             0000000180025ca0 f   sfc_debug:sfcdebug.obj
 0001:00024d80       cv_eml_init_for            0000000180025d80 f   sfc_debug:sfcdebug.obj
 0001:00024e50       cv_eml_init_while          0000000180025e50 f   sfc_debug:sfcdebug.obj
 0001:00024f20       cv_eml_init_mcdc           0000000180025f20 f   sfc_debug:sfcdebug.obj
 0001:00025040       cv_eml_init_switch         0000000180026040 f   sfc_debug:sfcdebug.obj
 0001:00025140       cv_eml_eval                0000000180026140 f   sfc_debug:sfcdebug.obj
 0001:00025230       sf_debug_bm_is_a_eml_breakpoint 0000000180026230 f   sfc_debug:sfcdebug.obj
 0001:00025380       sf_debug_temporal_threshold 0000000180026380 f   sfc_debug:sfcdebug.obj
 0001:000256f0       sf_debug_transition_conflict_error 00000001800266f0 f   sfc_debug:sfcdebug.obj
 0001:00025a50       sf_debug_state_inconsistency_error 0000000180026a50 f   sfc_debug:sfcdebug.obj
 0001:00025b70       sf_debug_check_for_state_inconsistency 0000000180026b70 f   sfc_debug:sfcdebug.obj
 0001:00025bb0       sf_debug_cycle_detecton_error 0000000180026bb0 f   sfc_debug:sfcdebug.obj
 0001:00026300       sf_debug_size_eq_check_1d  0000000180027300 f   sfc_debug:sfcdebug.obj
 0001:00026320       sf_debug_size_eq_check_nd  0000000180027320 f   sfc_debug:sfcdebug.obj
 0001:00026520       sf_debug_dim_size_eq_check 0000000180027520 f   sfc_debug:sfcdebug.obj
 0001:00026550       sf_debug_dim_size_geq_check 0000000180027550 f   sfc_debug:sfcdebug.obj
 0001:00026580       sf_debug_sub_assign_size_check_nd 0000000180027580 f   sfc_debug:sfcdebug.obj
 0001:00026760       sf_debug_matrix_matrix_index_check 0000000180027760 f   sfc_debug:sfcdebug.obj
 0001:000267b0       sf_debug_vector_vector_index_check 00000001800277b0 f   sfc_debug:sfcdebug.obj
 0001:00026800       sf_debug_for_loop_vector_check 0000000180027800 f   sfc_debug:sfcdebug.obj
 0001:000268a0       sf_debug_runtime_error_msgid 00000001800278a0 f   sfc_debug:sfcdebug.obj
 0001:00026940       sf_debug_data_array_bounds_error_check 0000000180027940 f   sfc_debug:sfcdebug.obj
 0001:00026a50       sf_debug_eml_data_array_bounds_error_check 0000000180027a50 f   sfc_debug:sfcdebug.obj
 0001:00026f10       sf_debug_integer_check     0000000180027f10 f   sfc_debug:sfcdebug.obj
 0001:00027000       sf_debug_not_nan_check     0000000180028000 f   sfc_debug:sfcdebug.obj
 0001:000270d0       sf_debug_non_negative_check 00000001800280d0 f   sfc_debug:sfcdebug.obj
 0001:000271a0       sf_debug_overflow_detection 00000001800281a0 f   sfc_debug:sfcdebug.obj
 0001:00027800       sf_debug_cast_to_real32_T  0000000180028800 f   sfc_debug:sfcdebug.obj
 0001:000278d0       sf_debug_cast_to_int8_T    00000001800288d0 f   sfc_debug:sfcdebug.obj
 0001:000279a0       sf_debug_cast_to_uint8_T   00000001800289a0 f   sfc_debug:sfcdebug.obj
 0001:00027a70       sf_debug_cast_to_int16_T   0000000180028a70 f   sfc_debug:sfcdebug.obj
 0001:00027b40       sf_debug_cast_to_uint16_T  0000000180028b40 f   sfc_debug:sfcdebug.obj
 0001:00027c10       sf_debug_cast_to_int32_T   0000000180028c10 f   sfc_debug:sfcdebug.obj
 0001:00027ce0       sf_debug_cast_to_uint32_T  0000000180028ce0 f   sfc_debug:sfcdebug.obj
 0001:00027db0       sf_debug_data_range_error  0000000180028db0 f   sfc_debug:sfcdebug.obj
 0001:000280c0       sf_debug_read_before_write_check 00000001800290c0 f   sfc_debug:sfcdebug.obj
 0001:000284f0       sf_debug_data_range_error_wrapper_min_max 00000001800294f0 f   sfc_debug:sfcdebug.obj
 0001:00028610       sf_debug_data_range_error_wrapper_min 0000000180029610 f   sfc_debug:sfcdebug.obj
 0001:00028720       sf_debug_data_range_error_wrapper_max 0000000180029720 f   sfc_debug:sfcdebug.obj
 0001:00028830       sf_debug_data_range_wrapper 0000000180029830 f   sfc_debug:sfcdebug.obj
 0001:000288f0       sf_debug_set_current_status_info 00000001800298f0 f   sfc_debug:sfcdebug.obj
 0001:00028c90       sf_debug_register_message_post_receive_info 0000000180029c90 f   sfc_debug:sfcdebug.obj
 0001:00028ee0       sf_debug_call              0000000180029ee0 f   sfc_debug:sfcdebug.obj
 0001:00029840       sf_debug_initialize_machine 000000018002a840 f   sfc_debug:sfcdebug.obj
 0001:00029af0       sf_debug_initialize_chart  000000018002aaf0 f   sfc_debug:sfcdebug.obj
 0001:00029f40       sf_debug_ensure_script     000000018002af40 f   sfc_debug:sfcdebug.obj
 0001:00029ff0       cv_eval_saturation         000000018002aff0 f   sfc_debug:sfcdebug.obj
 0001:0002a170       cv_saturation_accum        000000018002b170 f   sfc_debug:sfcdebug.obj
 0001:0002a2b0       cv_script_init_script      000000018002b2b0 f   sfc_debug:sfcdebug.obj
 0001:0002a3a0       cv_script_init_fcn         000000018002b3a0 f   sfc_debug:sfcdebug.obj
 0001:0002a460       cv_script_init_testobjective 000000018002b460 f   sfc_debug:sfcdebug.obj
 0001:0002a520       cv_script_init_saturation  000000018002b520 f   sfc_debug:sfcdebug.obj
 0001:0002a5d0       cv_script_init_if          000000018002b5d0 f   sfc_debug:sfcdebug.obj
 0001:0002a690       cv_script_init_for         000000018002b690 f   sfc_debug:sfcdebug.obj
 0001:0002a740       cv_script_init_while       000000018002b740 f   sfc_debug:sfcdebug.obj
 0001:0002a7f0       cv_script_init_mcdc        000000018002b7f0 f   sfc_debug:sfcdebug.obj
 0001:0002a8f0       cv_script_init_switch      000000018002b8f0 f   sfc_debug:sfcdebug.obj
 0001:0002a9d0       cv_script_eval             000000018002b9d0 f   sfc_debug:sfcdebug.obj
 0001:0002aaa0       eml_debug_line_call        000000018002baa0 f   sfc_debug:sfcdebug.obj
 0001:0002ac70       sf_debug_terminate         000000018002bc70 f   sfc_debug:sfcdebug.obj
 0001:0002ae80       sf_debug_set_script_cv_ids 000000018002be80 f   sfc_debug:sfcdebug.obj
 0001:0002afb0       sf_debug_api               000000018002bfb0 f   sfc_debug:sfc_api.obj
 0001:0002c8a0       sf_debug_sm_terminate      000000018002d8a0 f   sfc_debug:sfdb_animation.obj
 0001:0002ca50       sf_debug_reset_path_objects 000000018002da50 f   sfc_debug:sfdb_animation.obj
 0001:0002cad0       sf_debug_sm_reset_object_selection_status 000000018002dad0 f   sfc_debug:sfdb_animation.obj
 0001:0002cb70       sf_debug_sm_reset_state_buffer 000000018002db70 f   sfc_debug:sfdb_animation.obj
 0001:0002cc40       sf_debug_sm_store_state_buffer 000000018002dc40 f   sfc_debug:sfdb_animation.obj
 0001:0002ccc0       sf_debug_sm_restore_state_buffer1 000000018002dcc0 f   sfc_debug:sfdb_animation.obj
 0001:0002cd30       sf_debug_sm_restore_state_buffer2 000000018002dd30 f   sfc_debug:sfdb_animation.obj
 0001:0002cda0       sf_debug_sm_chart_active   000000018002dda0 f   sfc_debug:sfdb_animation.obj
 0001:0002cdf0       sf_debug_sm_select_active_objects 000000018002ddf0 f   sfc_debug:sfdb_animation.obj
 0001:0002d2c0       sf_debug_sm_is_chart_active 000000018002e2c0 f   sfc_debug:sfdb_animation.obj
 0001:0002d300       sf_debug_sm_is_state_active 000000018002e300 f   sfc_debug:sfdb_animation.obj
 0001:0002d540       sf_debug_sm_get_active_states 000000018002e540 f   sfc_debug:sfdb_animation.obj
 0001:0002daf0       sf_debug_sm_initialize_instance 000000018002eaf0 f   sfc_debug:sfdb_animation.obj
 0001:0002dd00       sf_debug_sm_change_object_selection_status 000000018002ed00 f   sfc_debug:sfdb_animation.obj
 0001:0002dfd0       cv_create_interface        000000018002efd0 f   sfc_debug:cv_sfinterface.obj
 0001:0002e2e0       cv_init_trans              000000018002f2e0 f   sfc_debug:cv_sfinterface.obj
 0001:0002e330       cv_init_saturation         000000018002f330 f   sfc_debug:cv_sfinterface.obj
 0001:0002e370       cv_init_testobjective      000000018002f370 f   sfc_debug:cv_sfinterface.obj
 0001:0002e3b0       cv_init_state              000000018002f3b0 f   sfc_debug:cv_sfinterface.obj
 0001:0002e420       cv_init_chart              000000018002f420 f   sfc_debug:cv_sfinterface.obj
 0001:0002e470       cv_dec_update_call         000000018002f470 f   sfc_debug:cv_sfinterface.obj
 0001:0002e4b0       cv_cond_update_call        000000018002f4b0 f   sfc_debug:cv_sfinterface.obj
 0001:0002e4f0       cv_saturation_update_call  000000018002f4f0 f   sfc_debug:cv_sfinterface.obj
 0001:0002e530       cv_saturation_update_accum 000000018002f530 f   sfc_debug:cv_sfinterface.obj
 0001:0002e570       cv_testobjective_update_call 000000018002f570 f   sfc_debug:cv_sfinterface.obj
 0001:0002e5b0       cv_sigrange_update         000000018002f5b0 f   sfc_debug:cv_sfinterface.obj
 0001:0002e5f0       cvsf_eml_eval              000000018002f5f0 f   sfc_debug:cv_sfinterface.obj
 0001:0002e6d0       cvsf_eml_init_script       000000018002f6d0 f   sfc_debug:cv_sfinterface.obj
 0001:0002e760       cvsf_eml_init_fcn          000000018002f760 f   sfc_debug:cv_sfinterface.obj
 0001:0002e7c0       cvsf_eml_init_testobjective 000000018002f7c0 f   sfc_debug:cv_sfinterface.obj
 0001:0002e820       cvsf_eml_init_saturation   000000018002f820 f   sfc_debug:cv_sfinterface.obj
 0001:0002e870       cvsf_eml_init_if           000000018002f870 f   sfc_debug:cv_sfinterface.obj
 0001:0002e8d0       cvsf_eml_init_for          000000018002f8d0 f   sfc_debug:cv_sfinterface.obj
 0001:0002e920       cvsf_eml_init_while        000000018002f920 f   sfc_debug:cv_sfinterface.obj
 0001:0002e970       cvsf_eml_init_mcdc         000000018002f970 f   sfc_debug:cv_sfinterface.obj
 0001:0002ea00       cvsf_eml_init_switch       000000018002fa00 f   sfc_debug:cv_sfinterface.obj
 0001:0002ea70       cvsf_script_eval           000000018002fa70 f   sfc_debug:cv_sfinterface.obj
 0001:0002eb50       cvsf_script_init_script    000000018002fb50 f   sfc_debug:cv_sfinterface.obj
 0001:0002ebe0       cvsf_script_init_fcn       000000018002fbe0 f   sfc_debug:cv_sfinterface.obj
 0001:0002ec40       cvsf_script_init_testobjective 000000018002fc40 f   sfc_debug:cv_sfinterface.obj
 0001:0002eca0       cvsf_script_init_saturation 000000018002fca0 f   sfc_debug:cv_sfinterface.obj
 0001:0002ecf0       cvsf_script_init_if        000000018002fcf0 f   sfc_debug:cv_sfinterface.obj
 0001:0002ed50       cvsf_script_init_for       000000018002fd50 f   sfc_debug:cv_sfinterface.obj
 0001:0002eda0       cvsf_script_init_while     000000018002fda0 f   sfc_debug:cv_sfinterface.obj
 0001:0002edf0       cvsf_script_init_mcdc      000000018002fdf0 f   sfc_debug:cv_sfinterface.obj
 0001:0002ee80       cvsf_script_init_switch    000000018002fe80 f   sfc_debug:cv_sfinterface.obj
 0001:0002eef0       cv_destroy_interface       000000018002fef0 f   sfc_debug:cv_sfinterface.obj
 0001:0002ef10       cv_create_instance_objects 000000018002ff10 f   sfc_debug:cv_sfinterface.obj
 0001:0002f380       cv_is_enabled              0000000180030380 f   sfc_debug:cv_sfinterface.obj
 0001:0002f390       sf_debug_cv_initialize_script 0000000180030390 f   sfc_debug:cv_sfinterface.obj
 0001:0002f520       sf_debug_cv_initialize_instance 0000000180030520 f   sfc_debug:cv_sfinterface.obj
 0001:0002f8b0       sf_debug_cv_terminate_chart 00000001800308b0 f   sfc_debug:cv_sfinterface.obj
 0001:0002f9d0       cv_call_trans_test         00000001800309d0 f   sfc_debug:cv_sfinterface.obj
 0001:0002f9e0       cv_call_sub_cond_test      00000001800309e0 f   sfc_debug:cv_sfinterface.obj
 0001:0002fa20       sf_debug_st_initialize_machine 0000000180030a20 f   sfc_debug:sfdb_data_browse.obj
 0001:0002fad0       sf_debug_st_initialize_instance 0000000180030ad0 f   sfc_debug:sfdb_data_browse.obj
 0001:0002fce0       sf_debug_st_terminate      0000000180030ce0 f   sfc_debug:sfdb_data_browse.obj
 0001:00030080       sf_debug_st_set_data_value_ptr_in_machine 0000000180031080 f   sfc_debug:sfdb_data_browse.obj
 0001:00030110       sf_debug_st_set_data_value_ptr_in_instance 0000000180031110 f   sfc_debug:sfdb_data_browse.obj
 0001:000301f0       sf_debug_st_unset_data_value_ptr_in_machine 00000001800311f0 f   sfc_debug:sfdb_data_browse.obj
 0001:00030260       sf_debug_st_unset_data_value_ptr_in_instance 0000000180031260 f   sfc_debug:sfdb_data_browse.obj
 0001:00030520       sf_debug_mx_value          0000000180031520 f   sfc_debug:sfdb_data_browse.obj
 0001:00030580       sf_debug_mx_packed_vector  0000000180031580 f   sfc_debug:sfdb_data_browse.obj
 0001:00030660       sf_debug_mx_uint_vector    0000000180031660 f   sfc_debug:sfdb_data_browse.obj
 0001:00030710       sf_debug_st_get_double_value_from_void_ptr_vector 0000000180031710 f   sfc_debug:sfdb_data_browse.obj
 0001:000311f0       sf_debug_st_browse_data    00000001800321f0 f   sfc_debug:sfdb_data_browse.obj
 0001:00031a30       sf_debug_hm_initialize_instance 0000000180032a30 f   sfc_debug:sfdb_handle_management.obj
 0001:00031f10       sf_debug_hm_get_object_id  0000000180032f10 f   sfc_debug:sfdb_handle_management.obj
 0001:00032ac0       sf_debug_hm_update_chart_visibility 0000000180033ac0 f   sfc_debug:sfdb_handle_management.obj
 0001:00033cb0       sf_debug_object_is_eml_function 0000000180034cb0 f   sfc_debug:sfdb_handle_management.obj
 0001:00033d20       sf_debug_hm_initialize_ids_in_machine 0000000180034d20 f   sfc_debug:sfdb_handle_management.obj
 0001:00033e90       sf_debug_hm_initialize_ids_in_chart 0000000180034e90 f   sfc_debug:sfdb_handle_management.obj
 0001:00033f90       sf_debug_hm_initialize_chart 0000000180034f90 f   sfc_debug:sfdb_handle_management.obj
 0001:00034690       sf_debug_hm_terminate      0000000180035690 f   sfc_debug:sfdb_handle_management.obj
 0001:000346f0       sf_debug_hm_initialize_machine 00000001800356f0 f   sfc_debug:sfdb_handle_management.obj
 0001:00034e10       sf_debug_ss_initialize     0000000180035e10 f   sfc_debug:sfdb_symbol_scope.obj
 0001:00034e30       sf_debug_ss_terminate      0000000180035e30 f   sfc_debug:sfdb_symbol_scope.obj
 0001:00034ec0       sf_debug_ss_push_symbol_scope 0000000180035ec0 f   sfc_debug:sfdb_symbol_scope.obj
 0001:00034fc0       sf_debug_ss_push_symbol_scope_eml 0000000180035fc0 f   sfc_debug:sfdb_symbol_scope.obj
 0001:00035020       sf_debug_ss_pop_symbol_scope 0000000180036020 f   sfc_debug:sfdb_symbol_scope.obj
 0001:000350d0       sf_debug_ss_add_symbol     00000001800360d0 f   sfc_debug:sfdb_symbol_scope.obj
 0001:00035240       sf_debug_ss_add_symbol_eml 0000000180036240 f   sfc_debug:sfdb_symbol_scope.obj
 0001:00036140       sf_debug_ss_set_data_value 0000000180037140 f   sfc_debug:sfdb_symbol_scope.obj
 0001:00036590       getInstanceNumber          0000000180037590 f   sfc_debug:sfdb_symbol_scope.obj
 0001:00036660       sf_debug_ss_watch_data     0000000180037660 f   sfc_debug:sfdb_symbol_scope.obj
 0001:00036850       sf_debug_ss_assign_data    0000000180037850 f   sfc_debug:sfdb_symbol_scope.obj
 0001:00037260       get_data_entry_name        0000000180038260 f   sfc_debug:sfdb_symbol_scope.obj
 0001:000372b0       sf_debug_ss_whos           00000001800382b0 f   sfc_debug:sfdb_symbol_scope.obj
 0001:00037900       sf_debug_cc_initialize_chart 0000000180038900 f   sfc_debug:sfdb_coverage.obj
 0001:000382f0       sf_debug_cc_initialize_instance 00000001800392f0 f   sfc_debug:sfdb_coverage.obj
 0001:00039030       sf_debug_cc_terminate      000000018003a030 f   sfc_debug:sfdb_coverage.obj
 0001:00039120       sf_debug_cc_set_transition_maps 000000018003a120 f   sfc_debug:sfdb_coverage.obj
 0001:00039250       sf_debug_cc_set_state_maps 000000018003a250 f   sfc_debug:sfdb_coverage.obj
 0001:00039330       sf_debug_cc_set_transition_weights 000000018003a330 f   sfc_debug:sfdb_coverage.obj
 0001:000395f0       sf_debug_cc_set_state_weights 000000018003a5f0 f   sfc_debug:sfdb_coverage.obj
 0001:000398c0       sf_debug_cc_mark_transition_guard 000000018003a8c0 f   sfc_debug:sfdb_coverage.obj
 0001:00039950       sf_debug_cc_mark_transition_trigger 000000018003a950 f   sfc_debug:sfdb_coverage.obj
 0001:000399e0       sf_debug_cc_mark_transition_decision 000000018003a9e0 f   sfc_debug:sfdb_coverage.obj
 0001:00039a50       sf_debug_cc_mark_transition_condition_action 000000018003aa50 f   sfc_debug:sfdb_coverage.obj
 0001:00039aa0       sf_debug_cc_mark_transition_transition_action 000000018003aaa0 f   sfc_debug:sfdb_coverage.obj
 0001:00039af0       sf_debug_cc_mark_state_entry 000000018003aaf0 f   sfc_debug:sfdb_coverage.obj
 0001:00039b40       sf_debug_cc_mark_state_during 000000018003ab40 f   sfc_debug:sfdb_coverage.obj
 0001:00039b90       sf_debug_cc_mark_state_exit 000000018003ab90 f   sfc_debug:sfdb_coverage.obj
 0001:00039be0       sf_debug_bm_clear_script_breakpoints 000000018003abe0 f   sfc_debug:sfdb_breakpoints.obj
 0001:00039c10       sf_debug_bm_set_script_breakpoint 000000018003ac10 f   sfc_debug:sfdb_breakpoints.obj
 0001:00039c90       sf_debug_bm_clear_single_script_breakpoint 000000018003ac90 f   sfc_debug:sfdb_breakpoints.obj
 0001:00039d10       sf_debug_bm_query_script_breakpoint 000000018003ad10 f   sfc_debug:sfdb_breakpoints.obj
 0001:00039d60       sf_debug_bm_initialize_scripts 000000018003ad60 f   sfc_debug:sfdb_breakpoints.obj
 0001:0003a3f0       sf_debug_bm_terminate      000000018003b3f0 f   sfc_debug:sfdb_breakpoints.obj
 0001:0003a6d0       sf_debug_bm_remove_all_breakpoints_in_machine 000000018003b6d0 f   sfc_debug:sfdb_breakpoints.obj
 0001:0003a730       sf_debug_bm_remove_all_breakpoints_in_chart 000000018003b730 f   sfc_debug:sfdb_breakpoints.obj
 0001:0003a880       sf_debug_bm_initialize_global_breakpoints 000000018003b880 f   sfc_debug:sfdb_breakpoints.obj
 0001:0003aa00       sf_debug_bm_set_breakpoint 000000018003ba00 f   sfc_debug:sfdb_breakpoints.obj
 0001:0003afc0       sf_debug_bm_set_eml_breakpoint 000000018003bfc0 f   sfc_debug:sfdb_breakpoints.obj
 0001:0003b050       sf_debug_bm_initialize_machine_breakpoint_map 000000018003c050 f   sfc_debug:sfdb_breakpoints.obj
 0001:0003b470       sf_debug_bm_is_a_breakpoint 000000018003c470 f   sfc_debug:sfdb_breakpoints.obj
 0001:0003b990       sf_debug_bm_get_all_breakpoints_in_machine 000000018003c990 f   sfc_debug:sfdb_breakpoints.obj
 0001:0003bc90       sf_debug_bm_get_all_breakpoints_in_chart 000000018003cc90 f   sfc_debug:sfdb_breakpoints.obj
 0001:0003c820       sf_debug_bm_initialize_machine 000000018003d820 f   sfc_debug:sfdb_breakpoints.obj
 0001:0003c8f0       sf_debug_bm_initialize_chart 000000018003d8f0 f   sfc_debug:sfdb_breakpoints.obj
 0001:0003cce0       sf_debug_sc_terminate      000000018003dce0 f   sfc_debug:sfdb_state_consistency.obj
 0001:0003d000       sf_debug_sc_is_chart_consistent 000000018003e000 f   sfc_debug:sfdb_state_consistency.obj
 0001:0003d2b0       sf_debug_sc_get_consistency_error_info 000000018003e2b0 f   sfc_debug:sfdb_state_consistency.obj
 0001:0003d6c0       sf_debug_tm_terminate      000000018003e6c0 f   sfc_debug:sfdb_call_stack.obj
 0001:0003d770       sf_debug_tm_push_chart_instance 000000018003e770 f   sfc_debug:sfdb_call_stack.obj
 0001:0003d8b0       sf_debug_tm_pop_chart_instance 000000018003e8b0 f   sfc_debug:sfdb_call_stack.obj
 0001:0003d910       sf_debug_tm_push_trace_node 000000018003e910 f   sfc_debug:sfdb_call_stack.obj
 0001:0003da90       sf_debug_tm_pop_trace_node 000000018003ea90 f   sfc_debug:sfdb_call_stack.obj
 0001:0003db10       sf_debug_tm_get_current_global_trace_index 000000018003eb10 f   sfc_debug:sfdb_call_stack.obj
 0001:0003db20       sf_debug_tm_get_current_local_trace_index 000000018003eb20 f   sfc_debug:sfdb_call_stack.obj
 0001:0003db50       sf_debug_tm_set_cycle_detected_flag 000000018003eb50 f   sfc_debug:sfdb_call_stack.obj
 0001:0003db90       sf_debug_tm_set_cycle_started_flag 000000018003eb90 f   sfc_debug:sfdb_call_stack.obj
 0001:0003dbd0       sf_debug_tm_get_chart_number_from_stack 000000018003ebd0 f   sfc_debug:sfdb_call_stack.obj
 0001:0003ddd0       sf_debug_tm_browse_trace   000000018003edd0 f   sfc_debug:sfdb_call_stack.obj
 0001:0003e0e0       sf_debug_cd_initialize_instance 000000018003f0e0 f   sfc_debug:sfdb_cycle_detection.obj
 0001:0003e390       sf_debug_cd_mark_processed_transition_in_instance 000000018003f390 f   sfc_debug:sfdb_cycle_detection.obj
 0001:0003e430       sf_debug_cd_checksum_push  000000018003f430 f   sfc_debug:sfdb_cycle_detection.obj
 0001:0003e6e0       sf_debug_cd_checksum_pop   000000018003f6e0 f   sfc_debug:sfdb_cycle_detection.obj
 0001:0003e750       sf_debug_cd_turn_off_cycle_detection 000000018003f750 f   sfc_debug:sfdb_cycle_detection.obj
 0001:0003e7a0       sf_debug_cd_terminate      000000018003f7a0 f   sfc_debug:sfdb_cycle_detection.obj
 0001:0003e9d0       md5_initialize_state       000000018003f9d0 f   sfc_debug:ckmd5.obj
 0001:0003f460       md5_update_state           0000000180040460 f   sfc_debug:ckmd5.obj
 0001:0003f480       md5_get_hash               0000000180040480 f   sfc_debug:ckmd5.obj
 0001:0003f4b0       md5_get_hash_for_a_single_string 00000001800404b0 f   sfc_debug:ckmd5.obj
 0001:0003f510       mxGetPr                    0000000180040510 f   libmx:libmx.dll
 0001:0003f516       mxCreateDoubleScalar       0000000180040516 f   libmx:libmx.dll
 0001:0003f51c       mxCreateDoubleMatrix_730   000000018004051c f   libmx:libmx.dll
 0001:0003f522       mxSetField_730             0000000180040522 f   libmx:libmx.dll
 0001:0003f528       mxCreateString             0000000180040528 f   libmx:libmx.dll
 0001:0003f52e       mxCreateStructMatrix_730   000000018004052e f   libmx:libmx.dll
 0001:0003f534       mxCreateCellMatrix_730     0000000180040534 f   libmx:libmx.dll
 0001:0003f53a       mxDestroyArray             000000018004053a f   libmx:libmx.dll
 0001:0003f540       mxDuplicateArray           0000000180040540 f   libmx:libmx.dll
 0001:0003f546       mxIsEmpty                  0000000180040546 f   libmx:libmx.dll
 0001:0003f54c       mxGetString_730            000000018004054c f   libmx:libmx.dll
 0001:0003f552       mxIsChar                   0000000180040552 f   libmx:libmx.dll
 0001:0003f558       mxGetClassID               0000000180040558 f   libmx:libmx.dll
 0001:0003f55e       mxIsNumeric                000000018004055e f   libmx:libmx.dll
 0001:0003f564       mxIsComplex                0000000180040564 f   libmx:libmx.dll
 0001:0003f56a       mxGetN                     000000018004056a f   libmx:libmx.dll
 0001:0003f570       mxGetM                     0000000180040570 f   libmx:libmx.dll
 0001:0003f576       mxCalloc                   0000000180040576 f   libmx:libmx.dll
 0001:0003f57c       mxGetScalar                000000018004057c f   libmx:libmx.dll
 0001:0003f582       mxIsLogical                0000000180040582 f   libmx:libmx.dll
 0001:0003f588       mxCreateDoubleMatrix_700   0000000180040588 f   libmx:libmx.dll
 0001:0003f58e       mxFree                     000000018004058e f   libmx:libmx.dll
 0001:0003f594       mxArrayToString            0000000180040594 f   libmx:libmx.dll
 0001:0003f59a       mxCreateCellMatrix_700     000000018004059a f   libmx:libmx.dll
 0001:0003f5a0       mxSetCell_700              00000001800405a0 f   libmx:libmx.dll
 0001:0003f5a6       mxGetCell_700              00000001800405a6 f   libmx:libmx.dll
 0001:0003f5ac       mxGetClassName             00000001800405ac f   libmx:libmx.dll
 0001:0003f5b2       mxSetField_700             00000001800405b2 f   libmx:libmx.dll
 0001:0003f5b8       mxAddField                 00000001800405b8 f   libmx:libmx.dll
 0001:0003f5be       mxGetField_700             00000001800405be f   libmx:libmx.dll
 0001:0003f5c4       mxGetNumberOfElements      00000001800405c4 f   libmx:libmx.dll
 0001:0003f5ca       mxIsStruct                 00000001800405ca f   libmx:libmx.dll
 0001:0003f5d0       mxIsA                      00000001800405d0 f   libmx:libmx.dll
 0001:0003f5d6       mxIsClass                  00000001800405d6 f   libmx:libmx.dll
 0001:0003f5dc       mxGetLogicals              00000001800405dc f   libmx:libmx.dll
 0001:0003f5e2       mxIsSparse                 00000001800405e2 f   libmx:libmx.dll
 0001:0003f5e8       mxSetFieldByNumber_700     00000001800405e8 f   libmx:libmx.dll
 0001:0003f5ee       mxGetFieldByNumber_700     00000001800405ee f   libmx:libmx.dll
 0001:0003f5f4       mxGetFieldNameByNumber     00000001800405f4 f   libmx:libmx.dll
 0001:0003f5fa       mxGetNumberOfFields        00000001800405fa f   libmx:libmx.dll
 0001:0003f600       mxCreateStructMatrix_700   0000000180040600 f   libmx:libmx.dll
 0001:0003f606       mxGetFieldNumber           0000000180040606 f   libmx:libmx.dll
 0001:0003f60c       mxIsNaN                    000000018004060c f   libmx:libmx.dll
 0001:0003f612       mxGetData                  0000000180040612 f   libmx:libmx.dll
 0001:0003f618       mxGetImagData              0000000180040618 f   libmx:libmx.dll
 0001:0003f61e       mxArrayClassIDName         000000018004061e f   libmx:libmx.dll
 0001:0003f624       mxCreateNumericMatrix_700  0000000180040624 f   libmx:libmx.dll
 0001:0003f62a       mxCreateStructArray_700    000000018004062a f   libmx:libmx.dll
 0001:0003f630       mxCalcSingleSubscript_700  0000000180040630 f   libmx:libmx.dll
 0001:0003f636       mxGetDimensions_700        0000000180040636 f   libmx:libmx.dll
 0001:0003f63c       mxGetNumberOfDimensions_700 000000018004063c f   libmx:libmx.dll
 0001:0003f642       mxCreateNumericArray_700   0000000180040642 f   libmx:libmx.dll
 0001:0003f648       mxGetElementSize           0000000180040648 f   libmx:libmx.dll
 0001:0003f64e       mxCreateStringFromNChars_700 000000018004064e f   libmx:libmx.dll
 0001:0003f654       mxGetString_700            0000000180040654 f   libmx:libmx.dll
 0001:0003f65a       mxIsLogicalScalarTrue      000000018004065a f   libmx:libmx.dll
 0001:0003f660       mxCreateLogicalScalar      0000000180040660 f   libmx:libmx.dll
 0001:0003f666       mexUnlock                  0000000180040666 f   libmex:libmex.dll
 0001:0003f66c       mexIsLocked                000000018004066c f   libmex:libmex.dll
 0001:0003f672       mexWarnMsgTxt              0000000180040672 f   libmex:libmex.dll
 0001:0003f678       mexCallMATLAB              0000000180040678 f   libmex:libmex.dll
 0001:0003f67e       mexErrMsgTxt               000000018004067e f   libmex:libmex.dll
 0001:0003f684       mexMakeArrayPersistent     0000000180040684 f   libmex:libmex.dll
 0001:0003f68a       mexSetTrapFlag             000000018004068a f   libmex:libmex.dll
 0001:0003f690       mexPutVariable             0000000180040690 f   libmex:libmex.dll
 0001:0003f696       mexGetVariable             0000000180040696 f   libmex:libmex.dll
 0001:0003f69c       mexLock                    000000018004069c f   libmex:libmex.dll
 0001:0003f6a2       mexMakeMemoryPersistent    00000001800406a2 f   libmex:libmex.dll
 0001:0003f6a8       mexFunctionName            00000001800406a8 f   libmex:libmex.dll
 0001:0003f6ae       ssRegisterDataTypeFxpFSlopeFixExpBias 00000001800406ae f   libfixedpoint:libfixedpoint.dll
 0001:0003f6b4       ssRegisterDataTypeFxpScaledDouble 00000001800406b4 f   libfixedpoint:libfixedpoint.dll
 0001:0003f6ba       utMalloc                   00000001800406ba f   libut:libut.dll
 0001:0003f6c0       utFree                     00000001800406c0 f   libut:libut.dll
 0001:0003f6c6       utVSNprintf                00000001800406c6 f   libut:libut.dll
 0001:0003f6cc       utCPUtime                  00000001800406cc f   libut:libut.dll
 0001:0003f6d2       utCalloc                   00000001800406d2 f   libut:libut.dll
 0001:0003f6d8       utRealloc                  00000001800406d8 f   libut:libut.dll
 0001:0003f6de       emlrtCreateRootTLS         00000001800406de f   libemlrt:libemlrt.dll
 0001:0003f6e4       emlrtDestroyRootTLS        00000001800406e4 f   libemlrt:libemlrt.dll
 0001:0003f6ea       emlrtCheckBuiltInR2012b    00000001800406ea f   libemlrt:libemlrt.dll
 0001:0003f6f0       emlrtCheckVsBuiltInR2012b  00000001800406f0 f   libemlrt:libemlrt.dll
 0001:0003f6f6       emlrtCheckEnumR2012b       00000001800406f6 f   libemlrt:libemlrt.dll
 0001:0003f6fc       emlrtCreateEnumR2012b      00000001800406fc f   libemlrt:libemlrt.dll
 0001:0003f702       emlrtGetEnumElementR2009a  0000000180040702 f   libemlrt:libemlrt.dll
 0001:0003f708       emlrtCreateReference       0000000180040708 f   libemlrt:libemlrt.dll
 0001:0003f70e       emlrtImportVsFiArrayR2009b 000000018004070e f   libemlrt:libemlrt.dll
 0001:0003f714       emlrtNameCapturePostProcessR2012a 0000000180040714 f   libemlrt:libemlrt.dll
 0001:0003f71a       emlrtExtractMessageId      000000018004071a f   libemlrt:libemlrt.dll
 0001:0003f720       emlrtTranslateMessageIDtoLCPstring 0000000180040720 f   libemlrt:libemlrt.dll
 0001:0003f726       emlrtForLoopVectorIsValidR2011b 0000000180040726 f   libemlrt:libemlrt.dll
 0001:0003f72c       emlrtTranslateUTF16MessagetoLCPstring 000000018004072c f   libemlrt:libemlrt.dll
 0001:0003f732       emlrtGetEnumUnderlyingArrayR2009a 0000000180040732 f   libemlrt:libemlrt.dll
 0001:0003f738       emlrtIsEnumR2009a          0000000180040738 f   libemlrt:libemlrt.dll
 0001:0003f740       __GSHandlerCheckCommon     0000000180040740 f   MSVCRT:gshandler.obj
 0001:0003f7a4       __GSHandlerCheck           00000001800407a4 f   MSVCRT:gshandler.obj
 0001:0003f7e0       __security_check_cookie    00000001800407e0 f   MSVCRT:amdsecgs.obj
 0001:0003f800       memset                     0000000180040800 f   MSVCRT:MSVCR100.dll
 0001:0003f806       strcmp                     0000000180040806 f   MSVCRT:MSVCR100.dll
 0001:0003f80c       free                       000000018004080c f   MSVCRT:MSVCR100.dll
 0001:0003f812       sprintf                    0000000180040812 f   MSVCRT:MSVCR100.dll
 0001:0003f818       malloc                     0000000180040818 f   MSVCRT:MSVCR100.dll
 0001:0003f81e       strlen                     000000018004081e f   MSVCRT:MSVCR100.dll
 0001:0003f824       strcat                     0000000180040824 f   MSVCRT:MSVCR100.dll
 0001:0003f82a       memcpy                     000000018004082a f   MSVCRT:MSVCR100.dll
 0001:0003f830       NtCurrentTeb               0000000180040830 f i MSVCRT:crtdll.obj
 0001:0003f89c       _CRT_INIT                  000000018004089c f   MSVCRT:crtdll.obj
 0001:0003fc34       _DllMainCRTStartup         0000000180040c34 f   MSVCRT:crtdll.obj
 0001:0003fc72       strncpy                    0000000180040c72 f   MSVCRT:MSVCR100.dll
 0001:0003fc90       _alloca_probe              0000000180040c90     MSVCRT:chkstk.obj
 0001:0003fc90       __chkstk                   0000000180040c90 f   MSVCRT:chkstk.obj
 0001:0003fcde       longjmp                    0000000180040cde f   MSVCRT:MSVCR100.dll
 0001:0003fce4       strncmp                    0000000180040ce4 f   MSVCRT:MSVCR100.dll
 0001:0003fcea       ceil                       0000000180040cea f   MSVCRT:MSVCR100.dll
 0001:0003fcf0       strrchr                    0000000180040cf0 f   MSVCRT:MSVCR100.dll
 0001:0003fcf6       _setjmp                    0000000180040cf6 f   MSVCRT:MSVCR100.dll
 0001:0003fcfc       ldexp                      0000000180040cfc f   MSVCRT:MSVCR100.dll
 0001:0003fd04       __report_gsfailure         0000000180040d04 f   MSVCRT:gs_report.obj
 0001:0003fe50       __clean_type_info_names    0000000180040e50 f   MSVCRT:tncleanup.obj
 0001:0003fe5c       _onexit                    0000000180040e5c f   MSVCRT:atonexit.obj
 0001:0003ff0c       atexit                     0000000180040f0c f   MSVCRT:atonexit.obj
 0001:0003ff24       _RTC_Initialize            0000000180040f24 f   MSVCRT:_initsect_.obj
 0001:0003ff5c       _RTC_Terminate             0000000180040f5c f   MSVCRT:_initsect_.obj
 0001:0003ff94       _malloc_crt                0000000180040f94 f   MSVCRT:MSVCR100.dll
 0001:0003ffa0       _ValidateImageBase         0000000180040fa0 f   MSVCRT:pesect.obj
 0001:0003ffd0       _FindPESection             0000000180040fd0 f   MSVCRT:pesect.obj
 0001:00040020       _IsNonwritableInCurrentImage 0000000180041020 f   MSVCRT:pesect.obj
 0001:00040062       _initterm                  0000000180041062 f   MSVCRT:MSVCR100.dll
 0001:00040068       _initterm_e                0000000180041068 f   MSVCRT:MSVCR100.dll
 0001:0004006e       _encoded_null              000000018004106e f   MSVCRT:MSVCR100.dll
 0001:00040074       _amsg_exit                 0000000180041074 f   MSVCRT:MSVCR100.dll
 0001:0004007a       __C_specific_handler       000000018004107a f   MSVCRT:MSVCR100.dll
 0001:00040080       __CppXcptFilter            0000000180041080 f   MSVCRT:MSVCR100.dll
 0001:00040088       DllMain                    0000000180041088 f   MSVCRT:dllmain.obj
 0001:000400ac       __security_init_cookie     00000001800410ac f   MSVCRT:gs_support.obj
 0001:00040160       __crt_debugger_hook        0000000180041160 f   MSVCRT:MSVCR100.dll
 0001:00040166       __clean_type_info_names_internal 0000000180041166 f   MSVCRT:MSVCR100.dll
 0001:0004016c       _unlock                    000000018004116c f   MSVCRT:MSVCR100.dll
 0001:00040172       __dllonexit                0000000180041172 f   MSVCRT:MSVCR100.dll
 0001:00040178       _lock                      0000000180041178 f   MSVCRT:MSVCR100.dll
 0001:0004017e       EncodePointer              000000018004117e f   kernel32:KERNEL32.dll
 0001:00040184       DecodePointer              0000000180041184 f   kernel32:KERNEL32.dll
 0001:0004018a       Sleep                      000000018004118a f   kernel32:KERNEL32.dll
 0001:00040190       TerminateProcess           0000000180041190 f   kernel32:KERNEL32.dll
 0001:00040196       GetCurrentProcess          0000000180041196 f   kernel32:KERNEL32.dll
 0001:0004019c       UnhandledExceptionFilter   000000018004119c f   kernel32:KERNEL32.dll
 0001:000401a2       SetUnhandledExceptionFilter 00000001800411a2 f   kernel32:KERNEL32.dll
 0001:000401a8       IsDebuggerPresent          00000001800411a8 f   kernel32:KERNEL32.dll
 0001:000401ae       RtlVirtualUnwind           00000001800411ae f   kernel32:KERNEL32.dll
 0001:000401b4       RtlLookupFunctionEntry     00000001800411b4 f   kernel32:KERNEL32.dll
 0001:000401ba       RtlCaptureContext          00000001800411ba f   kernel32:KERNEL32.dll
 0001:000401c0       DisableThreadLibraryCalls  00000001800411c0 f   kernel32:KERNEL32.dll
 0001:000401c6       QueryPerformanceCounter    00000001800411c6 f   kernel32:KERNEL32.dll
 0001:000401cc       GetTickCount               00000001800411cc f   kernel32:KERNEL32.dll
 0001:000401d2       GetCurrentThreadId         00000001800411d2 f   kernel32:KERNEL32.dll
 0001:000401d8       GetCurrentProcessId        00000001800411d8 f   kernel32:KERNEL32.dll
 0001:000401de       GetSystemTimeAsFileTime    00000001800411de f   kernel32:KERNEL32.dll
 0002:00000000       __imp_GetSystemTimeAsFileTime 0000000180042000     kernel32:KERNEL32.dll
 0002:00000008       __imp_GetCurrentProcessId  0000000180042008     kernel32:KERNEL32.dll
 0002:00000010       __imp_GetCurrentThreadId   0000000180042010     kernel32:KERNEL32.dll
 0002:00000018       __imp_GetTickCount         0000000180042018     kernel32:KERNEL32.dll
 0002:00000020       __imp_QueryPerformanceCounter 0000000180042020     kernel32:KERNEL32.dll
 0002:00000028       __imp_DisableThreadLibraryCalls 0000000180042028     kernel32:KERNEL32.dll
 0002:00000030       __imp_RtlCaptureContext    0000000180042030     kernel32:KERNEL32.dll
 0002:00000038       __imp_RtlLookupFunctionEntry 0000000180042038     kernel32:KERNEL32.dll
 0002:00000040       __imp_RtlVirtualUnwind     0000000180042040     kernel32:KERNEL32.dll
 0002:00000048       __imp_IsDebuggerPresent    0000000180042048     kernel32:KERNEL32.dll
 0002:00000050       __imp_SetUnhandledExceptionFilter 0000000180042050     kernel32:KERNEL32.dll
 0002:00000058       __imp_UnhandledExceptionFilter 0000000180042058     kernel32:KERNEL32.dll
 0002:00000060       __imp_GetCurrentProcess    0000000180042060     kernel32:KERNEL32.dll
 0002:00000068       __imp_TerminateProcess     0000000180042068     kernel32:KERNEL32.dll
 0002:00000070       __imp_Sleep                0000000180042070     kernel32:KERNEL32.dll
 0002:00000078       __imp_DecodePointer        0000000180042078     kernel32:KERNEL32.dll
 0002:00000080       __imp_EncodePointer        0000000180042080     kernel32:KERNEL32.dll
 0002:00000088       \177KERNEL32_NULL_THUNK_DATA 0000000180042088     kernel32:KERNEL32.dll
 0002:00000090       __imp__onexit              0000000180042090     MSVCRT:MSVCR100.dll
 0002:00000098       __imp__lock                0000000180042098     MSVCRT:MSVCR100.dll
 0002:000000a0       __imp___dllonexit          00000001800420a0     MSVCRT:MSVCR100.dll
 0002:000000a8       __imp__unlock              00000001800420a8     MSVCRT:MSVCR100.dll
 0002:000000b0       __imp___clean_type_info_names_internal 00000001800420b0     MSVCRT:MSVCR100.dll
 0002:000000b8       __imp___crt_debugger_hook  00000001800420b8     MSVCRT:MSVCR100.dll
 0002:000000c0       __imp___CppXcptFilter      00000001800420c0     MSVCRT:MSVCR100.dll
 0002:000000c8       __imp___C_specific_handler 00000001800420c8     MSVCRT:MSVCR100.dll
 0002:000000d0       __imp__amsg_exit           00000001800420d0     MSVCRT:MSVCR100.dll
 0002:000000d8       __imp__encoded_null        00000001800420d8     MSVCRT:MSVCR100.dll
 0002:000000e0       __imp__initterm_e          00000001800420e0     MSVCRT:MSVCR100.dll
 0002:000000e8       __imp__initterm            00000001800420e8     MSVCRT:MSVCR100.dll
 0002:000000f0       __imp__malloc_crt          00000001800420f0     MSVCRT:MSVCR100.dll
 0002:000000f8       __imp_ldexp                00000001800420f8     MSVCRT:MSVCR100.dll
 0002:00000100       __imp__setjmp              0000000180042100     MSVCRT:MSVCR100.dll
 0002:00000108       __imp_strrchr              0000000180042108     MSVCRT:MSVCR100.dll
 0002:00000110       __imp_ceil                 0000000180042110     MSVCRT:MSVCR100.dll
 0002:00000118       __imp_strncmp              0000000180042118     MSVCRT:MSVCR100.dll
 0002:00000120       __imp_longjmp              0000000180042120     MSVCRT:MSVCR100.dll
 0002:00000128       __imp_strncpy              0000000180042128     MSVCRT:MSVCR100.dll
 0002:00000130       __imp_memcpy               0000000180042130     MSVCRT:MSVCR100.dll
 0002:00000138       __imp_strcat               0000000180042138     MSVCRT:MSVCR100.dll
 0002:00000140       __imp_strlen               0000000180042140     MSVCRT:MSVCR100.dll
 0002:00000148       __imp_malloc               0000000180042148     MSVCRT:MSVCR100.dll
 0002:00000150       __imp_sprintf              0000000180042150     MSVCRT:MSVCR100.dll
 0002:00000158       __imp_free                 0000000180042158     MSVCRT:MSVCR100.dll
 0002:00000160       __imp_strcmp               0000000180042160     MSVCRT:MSVCR100.dll
 0002:00000168       __imp_memset               0000000180042168     MSVCRT:MSVCR100.dll
 0002:00000170       \177MSVCR100_NULL_THUNK_DATA 0000000180042170     MSVCRT:MSVCR100.dll
 0002:00000178       __imp_emlrtIsEnumR2009a    0000000180042178     libemlrt:libemlrt.dll
 0002:00000180       __imp_emlrtGetEnumUnderlyingArrayR2009a 0000000180042180     libemlrt:libemlrt.dll
 0002:00000188       __imp_emlrtTranslateUTF16MessagetoLCPstring 0000000180042188     libemlrt:libemlrt.dll
 0002:00000190       __imp_emlrtForLoopVectorIsValidR2011b 0000000180042190     libemlrt:libemlrt.dll
 0002:00000198       __imp_emlrtTranslateMessageIDtoLCPstring 0000000180042198     libemlrt:libemlrt.dll
 0002:000001a0       __imp_emlrtExtractMessageId 00000001800421a0     libemlrt:libemlrt.dll
 0002:000001a8       __imp_emlrtNameCapturePostProcessR2012a 00000001800421a8     libemlrt:libemlrt.dll
 0002:000001b0       __imp_emlrtImportVsFiArrayR2009b 00000001800421b0     libemlrt:libemlrt.dll
[...]
 0001:00015ea0       sf_mex_check_complex       0000000180016ea0 f   sfc_mex:sfc_mex.obj
 0001:00015f30       sf_mex_check_sparse        0000000180016f30 f   sfc_mex:sfc_mex.obj
 0001:00015f90       sf_mex_check_numerictype   0000000180016f90 f   sfc_mex:sfc_mex.obj
 0001:00016120       sf_mex_check_fimath        0000000180017120 f   sfc_mex:sfc_mex.obj
 0001:00016c80       size_mismatch_error        0000000180017c80 f   sfc_mex:sfc_mex.obj
 0001:000176f0       check_array_dimensions     00000001800186f0 f   sfc_mex:sfc_mex.obj
 0001:00017760       check_input_mxarray        0000000180018760 f   sfc_mex:sfc_mex.obj
 0001:00017ea0       sf_numeric_value_to_double 0000000180018ea0 f   sfc_mex:sfc_mex.obj
 0001:00017ef0       ml_generic_out_of_bounds_check 0000000180018ef0 f   sfc_mex:sfc_mex.obj
 0001:000180b0       ml_get_element_value_from_array 00000001800190b0 f   sfc_mex:sfc_mex.obj
 0001:00018450       _ml_generic_castability_check 0000000180019450 f   sfc_mex:sfc_mex.obj
 0001:00018ba0       ml_generic_castability_check 0000000180019ba0 f   sfc_mex:sfc_mex.obj
 0001:00018c40       ml_check_mx_array_for_single_castability 0000000180019c40 f   sfc_mex:sfc_mex.obj
 0001:00018ce0       ml_check_mx_array_for_logical_castability 0000000180019ce0 f   sfc_mex:sfc_mex.obj
 0001:00018d80       ml_check_mx_array_for_int8_castability 0000000180019d80 f   sfc_mex:sfc_mex.obj
 0001:00018e30       ml_check_mx_array_for_uint8_castability 0000000180019e30 f   sfc_mex:sfc_mex.obj
 0001:00018e90       ml_check_mx_array_for_int16_castability 0000000180019e90 f   sfc_mex:sfc_mex.obj
 0001:00018ef0       ml_check_mx_array_for_uint16_castability 0000000180019ef0 f   sfc_mex:sfc_mex.obj
 0001:00018f50       ml_check_mx_array_for_int32_castability 0000000180019f50 f   sfc_mex:sfc_mex.obj
 0001:00018fb0       ml_check_mx_array_for_uint32_castability 0000000180019fb0 f   sfc_mex:sfc_mex.obj
 0001:00019010       ml_check_mx_array_for_castability 000000018001a010 f   sfc_mex:sfc_mex.obj
 0001:00019830       set_data_value             000000018001a830 f   sfc_mex:sfc_mex.obj
 0001:00019ba0       get_data_value             000000018001aba0 f   sfc_mex:sfc_mex.obj
 0001:00019cb0       get_next_element_address   000000018001acb0 f   sfc_mex:sfc_mex.obj
 0001:00019d80       sf_normalize_index         000000018001ad80 f   sfc_mex:sfc_mex.obj
 0001:0001a130       ml_array_index_bound_check 000000018001b130 f   sfc_mex:sfc_mex.obj
 0001:0001acb0       mx_value                   000000018001bcb0 f   sfc_mex:sfc_mex.obj
 0001:0001ad00       sf_create_numeric_array    000000018001bd00 f   sfc_mex:sfc_mex.obj
 0001:0001ada0       sf_mex_assign_to_mx_array  000000018001bda0 f   sfc_mex:sfc_mex.obj
 0001:0001b110       assign_from_mx_array       000000018001c110 f   sfc_mex:sfc_mex.obj
 0001:0001b870       sf_mex_import_v            000000018001c870 f   sfc_mex:sfc_mex.obj
 0001:0001bf80       get_machine_and_chart_file_number 000000018001cf80 f   sfc_mex:sfc_sf.obj
 0001:0001c070       get_sfun_block_specialization 000000018001d070 f   sfc_mex:sfc_sf.obj
 0001:0001c120       call_sf_machine_global_method_dispatcher 000000018001d120 f   sfc_mex:sfc_sf.obj
 0001:0001c370       mdl_zeroCrossings_processing 000000018001d370 f   sfc_mex:sfc_sf.obj
 0001:0001c450       mdl_derivatives_processing 000000018001d450 f   sfc_mex:sfc_sf.obj
 0001:0001c730       mdl_outputs_continuous_legacy 000000018001d730 f   sfc_mex:sfc_sf.obj
 0001:0001c7b0       mdl_outputs_processing     000000018001d7b0 f   sfc_mex:sfc_sf.obj
 0001:0001ca20       mdl_enable_processing      000000018001da20 f   sfc_mex:sfc_sf.obj
 0001:0001cb00       mdl_disable_processing     000000018001db00 f   sfc_mex:sfc_sf.obj
 0001:0001d990       sf_call_output_fcn_enable_disable 000000018001e990 f   sfc_mex:sfc_sf.obj
 0001:0001dc10       set_dwork_information_from_mx_array 000000018001ec10 f   sfc_mex:sfc_sf.obj
 0001:0001e500       ptr2mxStruct               000000018001f500 f   sfc_mex:sfc_sf.obj
 0001:0001e810       SNPRINTF_WRAPPER           000000018001f810 f   sfc_debug:sfcdebug.obj
 0001:0001e840       sf_debug_chart_instance_initialized 000000018001f840 f   sfc_debug:sfcdebug.obj
 0001:0001e9e0       sfrtAddSize                000000018001f9e0 f   sfc_debug:sfcdebug.obj
 0001:0001eaa0       sfrtGenSizeString          000000018001faa0 f   sfc_debug:sfcdebug.obj
 0001:0001f1f0       fill_single_message_info   00000001800201f0 f   sfc_debug:sfcdebug.obj
 0001:0001f470       sf_debug_sim_status_listener 0000000180020470 f   sfc_debug:sfcdebug.obj
 0001:0001fa00       sf_debug_form_mask_bits    0000000180020a00 f   sfc_debug:sfcdebug.obj
 0001:0001fa20       sf_debug_form_sf_data_type_offsets 0000000180020a20 f   sfc_debug:sfcdebug.obj
 0001:0001fae0       sf_debug_free_all          0000000180020ae0 f   sfc_debug:sfcdebug.obj
 0001:0001fc70       sf_debug_append_debugger_context 0000000180020c70 f   sfc_debug:sfcdebug.obj
 0001:0001ffe0       local_strdup               0000000180020fe0 f   sfc_debug:sfcdebug.obj
 0001:00020f60       sf_debug_em_terminate      0000000180021f60 f   sfc_debug:sfcdebug.obj
 0001:00020fa0       sf_debug_push_eml_function 0000000180021fa0 f   sfc_debug:sfcdebug.obj
 0001:00021040       sf_debug_pop_eml_function  0000000180022040 f   sfc_debug:sfcdebug.obj
 0001:00021ce0       sf_debug_get_machine_number_from_id_or_name 0000000180022ce0 f   sfc_debug:sfcdebug.obj
 0001:00021e30       sf_debug_get_chart_number_from_id 0000000180022e30 f   sfc_debug:sfcdebug.obj
 0001:00022c10       sf_debug_transfer_control_to_debugger_GUI 0000000180023c10 f   sfc_debug:sfcdebug.obj
 0001:00023b80       sf_debug_scripts_rehash    0000000180024b80 f   sfc_debug:sfcdebug.obj
 0001:00023d90       sf_debug_get_script_line_count 0000000180024d90 f   sfc_debug:sfcdebug.obj
 0001:000247e0       cv_eml_state_cvId          00000001800257e0 f   sfc_debug:sfcdebug.obj
 0001:00024850       cv_eml_trans_cvId          0000000180025850 f   sfc_debug:sfcdebug.obj
 0001:00025cd0       sf_debug_data_array_bounds_error 0000000180026cd0 f   sfc_debug:sfcdebug.obj
 0001:00026080       eml_debug_runtime_error_doclink 0000000180027080 f   sfc_debug:sfcdebug.obj
 0001:000261f0       sf_debug_runtime_error     00000001800271f0 f   sfc_debug:sfcdebug.obj
 0001:00026260       sf_debug_matlab_error      0000000180027260 f   sfc_debug:sfcdebug.obj
 0001:00026bd0       sf_debug_data_value_error  0000000180027bd0 f   sfc_debug:sfcdebug.obj
 0001:000274a0       sf_debug_data_loss_error   00000001800284a0 f   sfc_debug:sfcdebug.obj
 0001:000283c0       call_cv_range_check        00000001800293c0 f   sfc_debug:sfcdebug.obj
 0001:00028c20       sf_debug_invoke_cycle_detection_code 0000000180029c20 f   sfc_debug:sfcdebug.obj
 0001:00029790       sf_reset_debug_info_struct 000000018002a790 f   sfc_debug:sfcdebug.obj
 0001:00029f80       cv_script_cvId             000000018002af80 f   sfc_debug:sfcdebug.obj
 0001:0002b140       sfc_api_chart_visible      000000018002c140 f   sfc_debug:sfc_api.obj
 0001:0002b1d0       sfc_api_active_instance    000000018002c1d0 f   sfc_debug:sfc_api.obj
 0001:0002b260       sfc_api_machine_load       000000018002c260 f   sfc_debug:sfc_api.obj
 0001:0002b350       sfc_api_debugger_alive     000000018002c350 f   sfc_debug:sfc_api.obj
 0001:0002b360       sfc_api_go                 000000018002c360 f   sfc_debug:sfc_api.obj
 0001:0002b370       sfc_api_step_over          000000018002c370 f   sfc_debug:sfc_api.obj
 0001:0002b380       sfc_api_step_out           000000018002c380 f   sfc_debug:sfc_api.obj
 0001:0002b390       sfc_api_resume             000000018002c390 f   sfc_debug:sfc_api.obj
 0001:0002b3a0       sfc_api_break              000000018002c3a0 f   sfc_debug:sfc_api.obj
 0001:0002b3b0       sfc_api_stop_debugging     000000018002c3b0 f   sfc_debug:sfc_api.obj
 0001:0002b410       sfc_api_is_cycle_detected  000000018002c410 f   sfc_debug:sfc_api.obj
 0001:0002b470       sfc_api_is_array_bounds_detected 000000018002c470 f   sfc_debug:sfc_api.obj
 0001:0002b4d0       sfc_api_set_disable_all_breakpoints 000000018002c4d0 f   sfc_debug:sfc_api.obj
 0001:0002b550       sfc_api_disable_all_breakpoints_and_go 000000018002c550 f   sfc_debug:sfc_api.obj
 0001:0002b560       sfc_api_close              000000018002c560 f   sfc_debug:sfc_api.obj
 0001:0002b570       sfc_api_browse_data        000000018002c570 f   sfc_debug:sfc_api.obj
 0001:0002b5f0       sfc_api_watch_data         000000018002c5f0 f   sfc_debug:sfc_api.obj
 0001:0002b700       sfc_api_extract_message_post_receive_info 000000018002c700 f   sfc_debug:sfc_api.obj
 0001:0002b720       sfc_api_assign_data        000000018002c720 f   sfc_debug:sfc_api.obj
 0001:0002b7d0       sfc_api_whos               000000018002c7d0 f   sfc_debug:sfc_api.obj
 0001:0002b860       sfc_api_get_consistency_info 000000018002c860 f   sfc_debug:sfc_api.obj
 0001:0002b870       sfc_api_browse_trace       000000018002c870 f   sfc_debug:sfc_api.obj
 0001:0002b880       sfc_api_break_on_chart_entry 000000018002c880 f   sfc_debug:sfc_api.obj
 0001:0002b8b0       sfc_api_break_on_event_broadcast 000000018002c8b0 f   sfc_debug:sfc_api.obj
 0001:0002b8e0       sfc_api_break_on_state_entry 000000018002c8e0 f   sfc_debug:sfc_api.obj
 0001:0002b910       sfc_api_set_watch          000000018002c910 f   sfc_debug:sfc_api.obj
 0001:0002b9c0       sfc_api_set_breakpoints    000000018002c9c0 f   sfc_debug:sfc_api.obj
 0001:0002ba80       sfc_api_set_eml_breakpoints 000000018002ca80 f   sfc_debug:sfc_api.obj
 0001:0002bb20       sfc_api_set_script_breakpoints 000000018002cb20 f   sfc_debug:sfc_api.obj
 0001:0002bb80       sfc_api_add_script_breakpoints 000000018002cb80 f   sfc_debug:sfc_api.obj
 0001:0002bbe0       sfc_api_clear_script_breakpoints 000000018002cbe0 f   sfc_debug:sfc_api.obj
 0001:0002bc40       sfc_api_query_script_breakpoints 000000018002cc40 f   sfc_debug:sfc_api.obj
 0001:0002bcb0       sfc_api_get_script_id      000000018002ccb0 f   sfc_debug:sfc_api.obj
 0001:0002bd70       sfc_api_get_active_states  000000018002cd70 f   sfc_debug:sfc_api.obj
 0001:0002be00       sfc_api_break_between_times 000000018002ce00 f   sfc_debug:sfc_api.obj
 0001:0002be70       sfc_api_get_instance_handle 000000018002ce70 f   sfc_debug:sfc_api.obj
 0001:0002bf40       sfc_api_set_animation      000000018002cf40 f   sfc_debug:sfc_api.obj
 0001:0002bf90       sfc_api_select_chart       000000018002cf90 f   sfc_debug:sfc_api.obj
 0001:0002c000       sfc_api_select_charts      000000018002d000 f   sfc_debug:sfc_api.obj
 0001:0002c030       sfc_api_cycle_detection_check 000000018002d030 f   sfc_debug:sfc_api.obj
 0001:0002c080       sfc_api_data_range_check   000000018002d080 f   sfc_debug:sfc_api.obj
 0001:0002c0d0       sfc_api_transition_conflict_check 000000018002d0d0 f   sfc_debug:sfc_api.obj
 0001:0002c120       sfc_api_state_consistency_check 000000018002d120 f   sfc_debug:sfc_api.obj
 0001:0002c170       sfc_api_set_instance_cv_ids 000000018002d170 f   sfc_debug:sfc_api.obj
 0001:0002c2a0       sfc_api_set_script_cv_ids  000000018002d2a0 f   sfc_debug:sfc_api.obj
 0001:0002c370       sfc_api_get_current_machine_id 000000018002d370 f   sfc_debug:sfc_api.obj
 0001:0002c3a0       sfc_api_get_current_machine_number 000000018002d3a0 f   sfc_debug:sfc_api.obj
 0001:0002c3d0       sfc_api_get_current_chart_number 000000018002d3d0 f   sfc_debug:sfc_api.obj
 0001:0002c400       sfc_api_get_current_instance_number 000000018002d400 f   sfc_debug:sfc_api.obj
 0001:0002c430       sfc_api_get_current_instance_handle 000000018002d430 f   sfc_debug:sfc_api.obj
 0001:0002c450       sfc_api_get_current_is_minor_time_step 000000018002d450 f   sfc_debug:sfc_api.obj
 0001:0002c480       sfc_api_get_current_machine_name 000000018002d480 f   sfc_debug:sfc_api.obj
 0001:0002c4a0       sfc_api_get_current_chart_id 000000018002d4a0 f   sfc_debug:sfc_api.obj
 0001:0002c4d0       sfc_api_get_current_object_type 000000018002d4d0 f   sfc_debug:sfc_api.obj
 0001:0002c500       sfc_api_get_current_event_type 000000018002d500 f   sfc_debug:sfc_api.obj
 0001:0002c530       sfc_api_get_current_object_id 000000018002d530 f   sfc_debug:sfc_api.obj
 0001:0002c560       sfc_get_current_active_event_type 000000018002d560 f   sfc_debug:sfc_api.obj
 0001:0002c590       sfc_api_get_current_active_event_id 000000018002d590 f   sfc_debug:sfc_api.obj
 0001:0002c5c0       sfc_api_get_current_simulation_time 000000018002d5c0 f   sfc_debug:sfc_api.obj
 0001:0002c5e0       sfc_get_current_tag_type   000000018002d5e0 f   sfc_debug:sfc_api.obj
 0001:0002c610       sfc_get_current_coverage_percentage 000000018002d610 f   sfc_debug:sfc_api.obj
 0001:0002c630       sfc_get_current_statement_context 000000018002d630 f   sfc_debug:sfc_api.obj
 0001:0002c650       sfc_get_current_optional_integer 000000018002d650 f   sfc_debug:sfc_api.obj
 0001:0002c680       sfc_get_current_statement_info 000000018002d680 f   sfc_debug:sfc_api.obj
 0001:0002c720       sfc_api_get                000000018002d720 f   sfc_debug:sfc_api.obj
 0001:0002d380       sf_debug_sm_fill_state_activity_data 000000018002e380 f   sfc_debug:sfdb_animation.obj
 0001:0002fbc0       void_ptr_stack_vector_free_total 0000000180030bc0 f   sfc_debug:sfdb_data_browse.obj
 0001:0002fc40       sf_debug_st_terminate_machine 0000000180030c40 f   sfc_debug:sfdb_data_browse.obj
 0001:0002fc80       sf_debug_st_terminate_instance 0000000180030c80 f   sfc_debug:sfdb_data_browse.obj
 0001:00030030       push_on_to_void_ptr_stack  0000000180031030 f   sfc_debug:sfdb_data_browse.obj
 0001:000301c0       pop_from_void_ptr_stack    00000001800311c0 f   sfc_debug:sfdb_data_browse.obj
 0001:000302f0       sf_debug_st_get_data_value 00000001800312f0 f   sfc_debug:sfdb_data_browse.obj
 0001:00030820       mx_value                   0000000180031820 f   sfc_debug:sfdb_data_browse.obj
 0001:00030860       sf_debug_st_fill_data_struct 0000000180031860 f   sfc_debug:sfdb_data_browse.obj
 0001:00030ba0       data_type_format_strings   0000000180031ba0 f   sfc_debug:sfdb_data_browse.obj
 0001:00030c50       sf_debug_st_fill_data      0000000180031c50 f   sfc_debug:sfdb_data_browse.obj
 0001:00031940       sf_debug_hm_get_simulink_handle 0000000180032940 f   sfc_debug:sfdb_handle_management.obj
 0001:000323f0       sf_debug_hm_initialize_globals 00000001800333f0 f   sfc_debug:sfdb_handle_management.obj
 0001:000324f0       sf_debug_hm_get_machine_debug_flag 00000001800334f0 f   sfc_debug:sfdb_handle_management.obj
 0001:00032660       sf_debug_hm_get_machine_id 0000000180033660 f   sfc_debug:sfdb_handle_management.obj
 0001:00032780       sf_debug_hm_get_chart_id   0000000180033780 f   sfc_debug:sfdb_handle_management.obj
 0001:00032920       sf_debug_hm_register_executing_SFunction 0000000180033920 f   sfc_debug:sfdb_handle_management.obj
 0001:00032cb0       sf_debug_hm_form_object_boolean_properties 0000000180033cb0 f   sfc_debug:sfdb_handle_management.obj
 0001:00032f80       sf_debug_hm_form_object_properties 0000000180033f80 f   sfc_debug:sfdb_handle_management.obj
 0001:000331c0       sf_debug_hm_terminate_charts 00000001800341c0 f   sfc_debug:sfdb_handle_management.obj
 0001:000338a0       sf_debug_hm_terminate_machines 00000001800348a0 f   sfc_debug:sfdb_handle_management.obj
 0001:00035310       sf_debug_ss_copy_dimension 0000000180036310 f   sfc_debug:sfdb_symbol_scope.obj
 0001:000353d0       sf_debug_ss_get_number_elements 00000001800363d0 f   sfc_debug:sfdb_symbol_scope.obj
 0001:000353f0       sf_debug_ss_fill_data_struct 00000001800363f0 f   sfc_debug:sfdb_symbol_scope.obj
 0001:00035740       sf_debug_ss_reset_data_info 0000000180036740 f   sfc_debug:sfdb_symbol_scope.obj
 0001:000357a0       sf_debug_fill_data_info_by_symbol_scope_entry 00000001800367a0 f   sfc_debug:sfdb_symbol_scope.obj
 0001:00035860       sf_debug_fill_data_info_by_data_vector 0000000180036860 f   sfc_debug:sfdb_symbol_scope.obj
 0001:00035ab0       get_data_info_helper       0000000180036ab0 f   sfc_debug:sfdb_symbol_scope.obj
 0001:00035da0       sf_debug_ss_get_data_info  0000000180036da0 f   sfc_debug:sfdb_symbol_scope.obj
 0001:00035fc0       sf_debug_select_mex_function 0000000180036fc0 f   sfc_debug:sfdb_symbol_scope.obj
 0001:00035ff0       sf_debug_is_dyn_matrix_initialized 0000000180036ff0 f   sfc_debug:sfdb_symbol_scope.obj
 0001:00036010       sf_debug_ss_set_data_value_try 0000000180037010 f   sfc_debug:sfdb_symbol_scope.obj
 0001:00036200       sf_debug_ss_get_data_value 0000000180037200 f   sfc_debug:sfdb_symbol_scope.obj
 0001:00036960       sf_debug_ss_data_bytes_string 0000000180037960 f   sfc_debug:sfdb_symbol_scope.obj
 0001:000369f0       sf_debug_ss_data_class_string 00000001800379f0 f   sfc_debug:sfdb_symbol_scope.obj
 0001:00036d70       sf_debug_ss_data_size_string 0000000180037d70 f   sfc_debug:sfdb_symbol_scope.obj
 0001:00036e50       sf_debug_ss_data_create_data_info_struct 0000000180037e50 f   sfc_debug:sfdb_symbol_scope.obj
 0001:00037100       sf_debug_ss_data_create_name_value_pair 0000000180038100 f   sfc_debug:sfdb_symbol_scope.obj
 0001:000371a0       sf_debug_ss_data_get_whos_info 00000001800381a0 f   sfc_debug:sfdb_symbol_scope.obj
 0001:000371b0       same_named_data_in_data_array 00000001800381b0 f   sfc_debug:sfdb_symbol_scope.obj
 0001:00038940       sf_debug_cc_terminate_chart 0000000180039940 f   sfc_debug:sfdb_coverage.obj
 0001:00038c50       sf_debug_cc_terminate_instance 0000000180039c50 f   sfc_debug:sfdb_coverage.obj
 0001:00039820       sf_debug_cc_mark_object_if_needed 000000018003a820 f   sfc_debug:sfdb_coverage.obj
 0001:0003a0a0       sf_debug_bm_initialize_eml 000000018003b0a0 f   sfc_debug:sfdb_breakpoints.obj
 0001:0003b160       sf_debug_bm_map_debug_tag_to_breakpoint_tag 000000018003c160 f   sfc_debug:sfdb_breakpoints.obj
 0001:0003b240       sf_debug_bm_is_a_eml_breakpoint_impl 000000018003c240 f   sfc_debug:sfdb_breakpoints.obj
 0001:0003cb70       sf_debug_sc_push_on_error_stack 000000018003db70 f   sfc_debug:sfdb_state_consistency.obj
 0001:0003cc90       sf_debug_sc_reset_error_stack 000000018003dc90 f   sfc_debug:sfdb_state_consistency.obj
 0001:0003ce20       sf_debug_sc_is_state_inconsistent 000000018003de20 f   sfc_debug:sfdb_state_consistency.obj
 0001:0003d110       sf_debug_sc_fill_consistency_info 000000018003e110 f   sfc_debug:sfdb_state_consistency.obj
 0001:0003d6b0       void_assertion_fcn         000000018003e6b0 f   sfc_debug:sfdb_call_stack.obj
 0001:0003dc00       sf_debug_tm_fill_local_trace 000000018003ec00 f   sfc_debug:sfdb_call_stack.obj
 0001:0003e1a0       sf_debug_cd_terminate_instance 000000018003f1a0 f   sfc_debug:sfdb_cycle_detection.obj
 0001:0003e200       sf_debug_cd_free_checksum_stack 000000018003f200 f   sfc_debug:sfdb_cycle_detection.obj
 0001:0003e250       sf_debug_cd_reset_pack_strings 000000018003f250 f   sfc_debug:sfdb_cycle_detection.obj
 0001:0003e8f0       md5file_clear              000000018003f8f0 f   sfc_debug:ckmd5.obj
 0001:0003e920       Encode                     000000018003f920 f   sfc_debug:ckmd5.obj
 0001:0003e970       Decode                     000000018003f970 f   sfc_debug:ckmd5.obj
 0001:0003ea10       MD5Transform               000000018003fa10 f   sfc_debug:ckmd5.obj
 0001:0003f270       md5file_addn               0000000180040270 f   sfc_debug:ckmd5.obj
 0001:0003f340       md5file_hash               0000000180040340 f   sfc_debug:ckmd5.obj
 0001:0003f83c       pre_c_init                 000000018004083c f   MSVCRT:crtdll.obj
 0001:0003faf8       __DllMainCRTStartup        0000000180040af8 f   MSVCRT:crtdll.obj
 0001:000401f0       __DllMainCRTStartup$filt$0 00000001800411f0 f   MSVCRT:crtdll.obj
 0001:00040220       __DllMainCRTStartup$fin$1  0000000180041220 f   MSVCRT:crtdll.obj
 0001:0004023a       _onexit$fin$0              000000018004123a f   MSVCRT:atonexit.obj
 0001:00040260       _IsNonwritableInCurrentImage$filt$0 0000000180041260 f   MSVCRT:pesect.obj
